Archive member included to satisfy reference by file (symbol)

c:/systemworkbench/plugins/fr.ac6.mcu.externaltools.arm-none.win32_1.17.0.201812190825/tools/compiler/bin/../lib/gcc/arm-none-eabi/7.3.1/thumb/v7e-m/fpv4-sp/hard\libgcc.a(_aeabi_uldivmod.o)
                              Drivers/STM32F4xx_HAL_Driver/Src/stm32f4xx_hal_rcc.o (__aeabi_uldivmod)
c:/systemworkbench/plugins/fr.ac6.mcu.externaltools.arm-none.win32_1.17.0.201812190825/tools/compiler/bin/../lib/gcc/arm-none-eabi/7.3.1/thumb/v7e-m/fpv4-sp/hard\libgcc.a(_udivmoddi4.o)
                              c:/systemworkbench/plugins/fr.ac6.mcu.externaltools.arm-none.win32_1.17.0.201812190825/tools/compiler/bin/../lib/gcc/arm-none-eabi/7.3.1/thumb/v7e-m/fpv4-sp/hard\libgcc.a(_aeabi_uldivmod.o) (__udivmoddi4)
c:/systemworkbench/plugins/fr.ac6.mcu.externaltools.arm-none.win32_1.17.0.201812190825/tools/compiler/bin/../lib/gcc/arm-none-eabi/7.3.1/thumb/v7e-m/fpv4-sp/hard\libgcc.a(_dvmd_tls.o)
                              c:/systemworkbench/plugins/fr.ac6.mcu.externaltools.arm-none.win32_1.17.0.201812190825/tools/compiler/bin/../lib/gcc/arm-none-eabi/7.3.1/thumb/v7e-m/fpv4-sp/hard\libgcc.a(_aeabi_uldivmod.o) (__aeabi_ldiv0)
c:/systemworkbench/plugins/fr.ac6.mcu.externaltools.arm-none.win32_1.17.0.201812190825/tools/compiler/bin/../lib/gcc/arm-none-eabi/7.3.1/../../../../arm-none-eabi/lib/thumb/v7e-m/fpv4-sp/hard\libc_nano.a(lib_a-errno.o)
                              Src/syscalls.o (__errno)
c:/systemworkbench/plugins/fr.ac6.mcu.externaltools.arm-none.win32_1.17.0.201812190825/tools/compiler/bin/../lib/gcc/arm-none-eabi/7.3.1/../../../../arm-none-eabi/lib/thumb/v7e-m/fpv4-sp/hard\libc_nano.a(lib_a-exit.o)
                              c:/systemworkbench/plugins/fr.ac6.mcu.externaltools.arm-none.win32_1.17.0.201812190825/tools/compiler/bin/../lib/gcc/arm-none-eabi/7.3.1/../../../../arm-none-eabi/lib/thumb/v7e-m/fpv4-sp/hard/crt0.o (exit)
c:/systemworkbench/plugins/fr.ac6.mcu.externaltools.arm-none.win32_1.17.0.201812190825/tools/compiler/bin/../lib/gcc/arm-none-eabi/7.3.1/../../../../arm-none-eabi/lib/thumb/v7e-m/fpv4-sp/hard\libc_nano.a(lib_a-impure.o)
                              c:/systemworkbench/plugins/fr.ac6.mcu.externaltools.arm-none.win32_1.17.0.201812190825/tools/compiler/bin/../lib/gcc/arm-none-eabi/7.3.1/../../../../arm-none-eabi/lib/thumb/v7e-m/fpv4-sp/hard\libc_nano.a(lib_a-exit.o) (_global_impure_ptr)
c:/systemworkbench/plugins/fr.ac6.mcu.externaltools.arm-none.win32_1.17.0.201812190825/tools/compiler/bin/../lib/gcc/arm-none-eabi/7.3.1/../../../../arm-none-eabi/lib/thumb/v7e-m/fpv4-sp/hard\libc_nano.a(lib_a-init.o)
                              c:/systemworkbench/plugins/fr.ac6.mcu.externaltools.arm-none.win32_1.17.0.201812190825/tools/compiler/bin/../lib/gcc/arm-none-eabi/7.3.1/../../../../arm-none-eabi/lib/thumb/v7e-m/fpv4-sp/hard/crt0.o (__libc_init_array)
c:/systemworkbench/plugins/fr.ac6.mcu.externaltools.arm-none.win32_1.17.0.201812190825/tools/compiler/bin/../lib/gcc/arm-none-eabi/7.3.1/../../../../arm-none-eabi/lib/thumb/v7e-m/fpv4-sp/hard\libc_nano.a(lib_a-malloc.o)
                              Middlewares/ST/STM32_USB_Host_Library/Class/CDC/Src/usbh_cdc.o (malloc)
c:/systemworkbench/plugins/fr.ac6.mcu.externaltools.arm-none.win32_1.17.0.201812190825/tools/compiler/bin/../lib/gcc/arm-none-eabi/7.3.1/../../../../arm-none-eabi/lib/thumb/v7e-m/fpv4-sp/hard\libc_nano.a(lib_a-memcpy-stub.o)
                              Middlewares/Third_Party/FreeRTOS/Source/CMSIS_RTOS_V2/cmsis_os2.o (memcpy)
c:/systemworkbench/plugins/fr.ac6.mcu.externaltools.arm-none.win32_1.17.0.201812190825/tools/compiler/bin/../lib/gcc/arm-none-eabi/7.3.1/../../../../arm-none-eabi/lib/thumb/v7e-m/fpv4-sp/hard\libc_nano.a(lib_a-memset.o)
                              c:/systemworkbench/plugins/fr.ac6.mcu.externaltools.arm-none.win32_1.17.0.201812190825/tools/compiler/bin/../lib/gcc/arm-none-eabi/7.3.1/../../../../arm-none-eabi/lib/thumb/v7e-m/fpv4-sp/hard/crt0.o (memset)
c:/systemworkbench/plugins/fr.ac6.mcu.externaltools.arm-none.win32_1.17.0.201812190825/tools/compiler/bin/../lib/gcc/arm-none-eabi/7.3.1/../../../../arm-none-eabi/lib/thumb/v7e-m/fpv4-sp/hard\libc_nano.a(lib_a-nano-freer.o)
                              c:/systemworkbench/plugins/fr.ac6.mcu.externaltools.arm-none.win32_1.17.0.201812190825/tools/compiler/bin/../lib/gcc/arm-none-eabi/7.3.1/../../../../arm-none-eabi/lib/thumb/v7e-m/fpv4-sp/hard\libc_nano.a(lib_a-malloc.o) (_free_r)
c:/systemworkbench/plugins/fr.ac6.mcu.externaltools.arm-none.win32_1.17.0.201812190825/tools/compiler/bin/../lib/gcc/arm-none-eabi/7.3.1/../../../../arm-none-eabi/lib/thumb/v7e-m/fpv4-sp/hard\libc_nano.a(lib_a-nano-mallocr.o)
                              c:/systemworkbench/plugins/fr.ac6.mcu.externaltools.arm-none.win32_1.17.0.201812190825/tools/compiler/bin/../lib/gcc/arm-none-eabi/7.3.1/../../../../arm-none-eabi/lib/thumb/v7e-m/fpv4-sp/hard\libc_nano.a(lib_a-malloc.o) (_malloc_r)
[...]
Memory Configuration

Name             Origin             Length             Attributes
RAM              0x20000000         0x00020000         xrw
CCMRAM           0x10000000         0x00010000         rw
FLASH            0x08000000         0x00100000         xr
*default*        0x00000000         0xffffffff

Linker script and memory map

LOAD c:/systemworkbench/plugins/fr.ac6.mcu.externaltools.arm-none.win32_1.17.0.201812190825/tools/compiler/bin/../lib/gcc/arm-none-eabi/7.3.1/thumb/v7e-m/fpv4-sp/hard/crti.o
LOAD c:/systemworkbench/plugins/fr.ac6.mcu.externaltools.arm-none.win32_1.17.0.201812190825/tools/compiler/bin/../lib/gcc/arm-none-eabi/7.3.1/thumb/v7e-m/fpv4-sp/hard/crtbegin.o
LOAD c:/systemworkbench/plugins/fr.ac6.mcu.externaltools.arm-none.win32_1.17.0.201812190825/tools/compiler/bin/../lib/gcc/arm-none-eabi/7.3.1/../../../../arm-none-eabi/lib/thumb/v7e-m/fpv4-sp/hard/crt0.o
LOAD Drivers/STM32F4xx_HAL_Driver/Src/stm32f4xx_hal.o
LOAD Drivers/STM32F4xx_HAL_Driver/Src/stm32f4xx_hal_cortex.o
LOAD Drivers/STM32F4xx_HAL_Driver/Src/stm32f4xx_hal_dma.o
LOAD Drivers/STM32F4xx_HAL_Driver/Src/stm32f4xx_hal_dma_ex.o
LOAD Drivers/STM32F4xx_HAL_Driver/Src/stm32f4xx_hal_exti.o
LOAD Drivers/STM32F4xx_HAL_Driver/Src/stm32f4xx_hal_flash.o
LOAD Drivers/STM32F4xx_HAL_Driver/Src/stm32f4xx_hal_flash_ex.o
LOAD Drivers/STM32F4xx_HAL_Driver/Src/stm32f4xx_hal_flash_ramfunc.o
LOAD Drivers/STM32F4xx_HAL_Driver/Src/stm32f4xx_hal_gpio.o
LOAD Drivers/STM32F4xx_HAL_Driver/Src/stm32f4xx_hal_hcd.o
LOAD Drivers/STM32F4xx_HAL_Driver/Src/stm32f4xx_hal_i2c.o
LOAD Drivers/STM32F4xx_HAL_Driver/Src/stm32f4xx_hal_i2c_ex.o
LOAD Drivers/STM32F4xx_HAL_Driver/Src/stm32f4xx_hal_i2s.o
LOAD Drivers/STM32F4xx_HAL_Driver/Src/stm32f4xx_hal_i2s_ex.o
LOAD Drivers/STM32F4xx_HAL_Driver/Src/stm32f4xx_hal_pwr.o
LOAD Drivers/STM32F4xx_HAL_Driver/Src/stm32f4xx_hal_pwr_ex.o
LOAD Drivers/STM32F4xx_HAL_Driver/Src/stm32f4xx_hal_rcc.o
LOAD Drivers/STM32F4xx_HAL_Driver/Src/stm32f4xx_hal_rcc_ex.o
LOAD Drivers/STM32F4xx_HAL_Driver/Src/stm32f4xx_hal_spi.o
LOAD Drivers/STM32F4xx_HAL_Driver/Src/stm32f4xx_hal_tim.o
LOAD Drivers/STM32F4xx_HAL_Driver/Src/stm32f4xx_hal_tim_ex.o
LOAD Drivers/STM32F4xx_HAL_Driver/Src/stm32f4xx_hal_uart.o
LOAD Drivers/STM32F4xx_HAL_Driver/Src/stm32f4xx_ll_usb.o
LOAD Middlewares/ST/STM32_USB_Host_Library/Class/CDC/Src/usbh_cdc.o
LOAD Middlewares/ST/STM32_USB_Host_Library/Core/Src/usbh_core.o
LOAD Middlewares/ST/STM32_USB_Host_Library/Core/Src/usbh_ctlreq.o
LOAD Middlewares/ST/STM32_USB_Host_Library/Core/Src/usbh_ioreq.o
LOAD Middlewares/ST/STM32_USB_Host_Library/Core/Src/usbh_pipes.o
LOAD Middlewares/Third_Party/FreeRTOS/Source/CMSIS_RTOS_V2/cmsis_os2.o
LOAD Middlewares/Third_Party/FreeRTOS/Source/croutine.o
LOAD Middlewares/Third_Party/FreeRTOS/Source/event_groups.o
LOAD Middlewares/Third_Party/FreeRTOS/Source/list.o
LOAD Middlewares/Third_Party/FreeRTOS/Source/queue.o
LOAD Middlewares/Third_Party/FreeRTOS/Source/stream_buffer.o
LOAD Middlewares/Third_Party/FreeRTOS/Source/tasks.o
LOAD Middlewares/Third_Party/FreeRTOS/Source/timers.o
LOAD Middlewares/Third_Party/FreeRTOS/Source/portable/GCC/ARM_CM4F/port.o
LOAD Middlewares/Third_Party/FreeRTOS/Source/portable/MemMang/heap_4.o
LOAD Src/AdafruitLEDScreen.o
LOAD Src/HALSensor.o
LOAD Src/SIM808Driver.o
LOAD Src/freertos.o
LOAD Src/main.o
LOAD Src/stm32f4xx_hal_msp.o
LOAD Src/stm32f4xx_hal_timebase_tim.o
LOAD Src/stm32f4xx_it.o
LOAD Src/syscalls.o
LOAD Src/system_stm32f4xx.o
LOAD Src/usb_host.o
LOAD Src/usbh_conf.o
LOAD Src/usbh_platform.o
LOAD startup/startup_stm32f407xx.o
LOAD c:/systemworkbench/plugins/fr.ac6.mcu.externaltools.arm-none.win32_1.17.0.201812190825/tools/compiler/bin/../lib/gcc/arm-none-eabi/7.3.1/../../../../arm-none-eabi/lib/thumb/v7e-m/fpv4-sp/hard\libm.a
START GROUP
LOAD c:/systemworkbench/plugins/fr.ac6.mcu.externaltools.arm-none.win32_1.17.0.201812190825/tools/compiler/bin/../lib/gcc/arm-none-eabi/7.3.1/thumb/v7e-m/fpv4-sp/hard\libgcc.a
LOAD c:/systemworkbench/plugins/fr.ac6.mcu.externaltools.arm-none.win32_1.17.0.201812190825/tools/compiler/bin/../lib/gcc/arm-none-eabi/7.3.1/../../../../arm-none-eabi/lib/thumb/v7e-m/fpv4-sp/hard\libc_nano.a
END GROUP
START GROUP
LOAD c:/systemworkbench/plugins/fr.ac6.mcu.externaltools.arm-none.win32_1.17.0.201812190825/tools/compiler/bin/../lib/gcc/arm-none-eabi/7.3.1/thumb/v7e-m/fpv4-sp/hard\libgcc.a
LOAD c:/systemworkbench/plugins/fr.ac6.mcu.externaltools.arm-none.win32_1.17.0.201812190825/tools/compiler/bin/../lib/gcc/arm-none-eabi/7.3.1/../../../../arm-none-eabi/lib/thumb/v7e-m/fpv4-sp/hard\libc_nano.a
LOAD c:/systemworkbench/plugins/fr.ac6.mcu.externaltools.arm-none.win32_1.17.0.201812190825/tools/compiler/bin/../lib/gcc/arm-none-eabi/7.3.1/../../../../arm-none-eabi/lib/thumb/v7e-m/fpv4-sp/hard\libnosys.a
END GROUP
START GROUP
LOAD c:/systemworkbench/plugins/fr.ac6.mcu.externaltools.arm-none.win32_1.17.0.201812190825/tools/compiler/bin/../lib/gcc/arm-none-eabi/7.3.1/thumb/v7e-m/fpv4-sp/hard\libgcc.a
LOAD c:/systemworkbench/plugins/fr.ac6.mcu.externaltools.arm-none.win32_1.17.0.201812190825/tools/compiler/bin/../lib/gcc/arm-none-eabi/7.3.1/../../../../arm-none-eabi/lib/thumb/v7e-m/fpv4-sp/hard\libc_nano.a
LOAD c:/systemworkbench/plugins/fr.ac6.mcu.externaltools.arm-none.win32_1.17.0.201812190825/tools/compiler/bin/../lib/gcc/arm-none-eabi/7.3.1/../../../../arm-none-eabi/lib/thumb/v7e-m/fpv4-sp/hard\libnosys.a
END GROUP
LOAD c:/systemworkbench/plugins/fr.ac6.mcu.externaltools.arm-none.win32_1.17.0.201812190825/tools/compiler/bin/../lib/gcc/arm-none-eabi/7.3.1/thumb/v7e-m/fpv4-sp/hard/crtend.o
LOAD c:/systemworkbench/plugins/fr.ac6.mcu.externaltools.arm-none.win32_1.17.0.201812190825/tools/compiler/bin/../lib/gcc/arm-none-eabi/7.3.1/thumb/v7e-m/fpv4-sp/hard/crtn.o
                0x20020000                _estack = 0x20020000
                0x00000200                _Min_Heap_Size = 0x200
                0x00000400                _Min_Stack_Size = 0x400

.isr_vector     0x08000000      0x188
                0x08000000                . = ALIGN (0x4)
 *(.isr_vector)
 .isr_vector    0x08000000      0x188 startup/startup_stm32f407xx.o
                0x08000000                g_pfnVectors
                0x08000188                . = ALIGN (0x4)

.text           0x08000190     0x7808
                0x08000190                . = ALIGN (0x4)
 *(.text)
 .text          0x08000190       0x40 c:/systemworkbench/plugins/fr.ac6.mcu.externaltools.arm-none.win32_1.17.0.201812190825/tools/compiler/bin/../lib/gcc/arm-none-eabi/7.3.1/thumb/v7e-m/fpv4-sp/hard/crtbegin.o
 .text          0x080001d0       0x30 c:/systemworkbench/plugins/fr.ac6.mcu.externaltools.arm-none.win32_1.17.0.201812190825/tools/compiler/bin/../lib/gcc/arm-none-eabi/7.3.1/thumb/v7e-m/fpv4-sp/hard\libgcc.a(_aeabi_uldivmod.o)
                0x080001d0                __aeabi_uldivmod
 .text          0x08000200      0x2cc c:/systemworkbench/plugins/fr.ac6.mcu.externaltools.arm-none.win32_1.17.0.201812190825/tools/compiler/bin/../lib/gcc/arm-none-eabi/7.3.1/thumb/v7e-m/fpv4-sp/hard\libgcc.a(_udivmoddi4.o)
                0x08000200                __udivmoddi4
 .text          0x080004cc        0x4 c:/systemworkbench/plugins/fr.ac6.mcu.externaltools.arm-none.win32_1.17.0.201812190825/tools/compiler/bin/../lib/gcc/arm-none-eabi/7.3.1/thumb/v7e-m/fpv4-sp/hard\libgcc.a(_dvmd_tls.o)
                0x080004cc                __aeabi_idiv0
                0x080004cc                __aeabi_ldiv0
 .text          0x080004d0       0x10 c:/systemworkbench/plugins/fr.ac6.mcu.externaltools.arm-none.win32_1.17.0.201812190825/tools/compiler/bin/../lib/gcc/arm-none-eabi/7.3.1/../../../../arm-none-eabi/lib/thumb/v7e-m/fpv4-sp/hard\libc_nano.a(lib_a-strlen.o)
                0x080004d0                strlen
 *(.text*)
 .text.HAL_Init
                0x080004e0       0x34 Drivers/STM32F4xx_HAL_Driver/Src/stm32f4xx_hal.o
                0x080004e0                HAL_Init
 .text.HAL_IncTick
                0x08000514       0x18 Drivers/STM32F4xx_HAL_Driver/Src/stm32f4xx_hal.o
                0x08000514                HAL_IncTick
 .text.HAL_GetTick
                0x0800052c        0xc Drivers/STM32F4xx_HAL_Driver/Src/stm32f4xx_hal.o
                0x0800052c                HAL_GetTick
 .text.HAL_Delay
                0x08000538       0x28 Drivers/STM32F4xx_HAL_Driver/Src/stm32f4xx_hal.o
                0x08000538                HAL_Delay
 .text.HAL_NVIC_SetPriorityGrouping
                0x08000560       0x24 Drivers/STM32F4xx_HAL_Driver/Src/stm32f4xx_hal_cortex.o
                0x08000560                HAL_NVIC_SetPriorityGrouping
 .text.HAL_NVIC_SetPriority
                0x08000584       0x68 Drivers/STM32F4xx_HAL_Driver/Src/stm32f4xx_hal_cortex.o
                0x08000584                HAL_NVIC_SetPriority
 .text.HAL_NVIC_EnableIRQ
                0x080005ec       0x1c Drivers/STM32F4xx_HAL_Driver/Src/stm32f4xx_hal_cortex.o
                0x080005ec                HAL_NVIC_EnableIRQ
 .text.DMA_SetConfig
                0x08000608       0x2c Drivers/STM32F4xx_HAL_Driver/Src/stm32f4xx_hal_dma.o
 .text.DMA_CalcBaseAndBitshift
                0x08000634       0x3c Drivers/STM32F4xx_HAL_Driver/Src/stm32f4xx_hal_dma.o
 .text.DMA_CheckFifoParam
                0x08000670       0x8e Drivers/STM32F4xx_HAL_Driver/Src/stm32f4xx_hal_dma.o
 *fill*         0x080006fe        0x2 
 .text.HAL_DMA_Init
                0x08000700       0xcc Drivers/STM32F4xx_HAL_Driver/Src/stm32f4xx_hal_dma.o
                0x08000700                HAL_DMA_Init
 .text.HAL_DMA_Start_IT
                0x080007cc       0x74 Drivers/STM32F4xx_HAL_Driver/Src/stm32f4xx_hal_dma.o
                0x080007cc                HAL_DMA_Start_IT
 .text.HAL_DMA_Abort_IT
                0x08000840       0x26 Drivers/STM32F4xx_HAL_Driver/Src/stm32f4xx_hal_dma.o
                0x08000840                HAL_DMA_Abort_IT
 *fill*         0x08000866        0x2 
 .text.HAL_DMA_IRQHandler
                0x08000868      0x1dc Drivers/STM32F4xx_HAL_Driver/Src/stm32f4xx_hal_dma.o
                0x08000868                HAL_DMA_IRQHandler
 .text.HAL_GPIO_Init
                0x08000a44      0x1c8 Drivers/STM32F4xx_HAL_Driver/Src/stm32f4xx_hal_gpio.o
                0x08000a44                HAL_GPIO_Init
 .text.HAL_GPIO_WritePin
                0x08000c0c        0xc Drivers/STM32F4xx_HAL_Driver/Src/stm32f4xx_hal_gpio.o
                0x08000c0c                HAL_GPIO_WritePin
 .text.HAL_GPIO_TogglePin
                0x08000c18       0x12 Drivers/STM32F4xx_HAL_Driver/Src/stm32f4xx_hal_gpio.o
                0x08000c18                HAL_GPIO_TogglePin
 *fill*         0x08000c2a        0x2 
 .text.HCD_RXQLVL_IRQHandler
                0x08000c2c       0x7c Drivers/STM32F4xx_HAL_Driver/Src/stm32f4xx_hal_hcd.o
 .text.HAL_HCD_HC_Init
                0x08000ca8       0xa0 Drivers/STM32F4xx_HAL_Driver/Src/stm32f4xx_hal_hcd.o
                0x08000ca8                HAL_HCD_HC_Init
 .text.HAL_HCD_HC_Halt
                0x08000d48       0x24 Drivers/STM32F4xx_HAL_Driver/Src/stm32f4xx_hal_hcd.o
                0x08000d48                HAL_HCD_HC_Halt
 .text.HAL_HCD_Init
                0x08000d6c       0x94 Drivers/STM32F4xx_HAL_Driver/Src/stm32f4xx_hal_hcd.o
                0x08000d6c                HAL_HCD_Init
 .text.HAL_HCD_HC_SubmitRequest
                0x08000e00      0x18e Drivers/STM32F4xx_HAL_Driver/Src/stm32f4xx_hal_hcd.o
                0x08000e00                HAL_HCD_HC_SubmitRequest
 .text.HCD_Port_IRQHandler
                0x08000f8e       0xd4 Drivers/STM32F4xx_HAL_Driver/Src/stm32f4xx_hal_hcd.o
 .text.HCD_HC_IN_IRQHandler
                0x08001062      0x2bc Drivers/STM32F4xx_HAL_Driver/Src/stm32f4xx_hal_hcd.o
 .text.HCD_HC_OUT_IRQHandler
                0x0800131e      0x2b4 Drivers/STM32F4xx_HAL_Driver/Src/stm32f4xx_hal_hcd.o
 .text.HAL_HCD_IRQHandler
                0x080015d2      0x148 Drivers/STM32F4xx_HAL_Driver/Src/stm32f4xx_hal_hcd.o
                0x080015d2                HAL_HCD_IRQHandler
 .text.HAL_HCD_Start
                0x0800171a       0x2c Drivers/STM32F4xx_HAL_Driver/Src/stm32f4xx_hal_hcd.o
                0x0800171a                HAL_HCD_Start
 .text.HAL_HCD_Stop
                0x08001746       0x24 Drivers/STM32F4xx_HAL_Driver/Src/stm32f4xx_hal_hcd.o
                0x08001746                HAL_HCD_Stop
 .text.HAL_HCD_ResetPort
                0x0800176a        0xa Drivers/STM32F4xx_HAL_Driver/Src/stm32f4xx_hal_hcd.o
                0x0800176a                HAL_HCD_ResetPort
 .text.HAL_HCD_HC_GetURBState
                0x08001774        0xe Drivers/STM32F4xx_HAL_Driver/Src/stm32f4xx_hal_hcd.o
                0x08001774                HAL_HCD_HC_GetURBState
 .text.HAL_HCD_HC_GetXferCount
                0x08001782        0xc Drivers/STM32F4xx_HAL_Driver/Src/stm32f4xx_hal_hcd.o
                0x08001782                HAL_HCD_HC_GetXferCount
 .text.HAL_HCD_GetCurrentFrame
                0x0800178e        0xa Drivers/STM32F4xx_HAL_Driver/Src/stm32f4xx_hal_hcd.o
                0x0800178e                HAL_HCD_GetCurrentFrame
 .text.HAL_HCD_GetCurrentSpeed
                0x08001798        0xa Drivers/STM32F4xx_HAL_Driver/Src/stm32f4xx_hal_hcd.o
                0x08001798                HAL_HCD_GetCurrentSpeed
 *fill*         0x080017a2        0x2 
 .text.HAL_I2C_Init
                0x080017a4      0x1a0 Drivers/STM32F4xx_HAL_Driver/Src/stm32f4xx_hal_i2c.o
                0x080017a4                HAL_I2C_Init
 .text.HAL_I2S_Init
                0x08001944      0x19c Drivers/STM32F4xx_HAL_Driver/Src/stm32f4xx_hal_i2s.o
                0x08001944                HAL_I2S_Init
 .text.HAL_I2S_TxCpltCallback
                0x08001ae0        0x2 Drivers/STM32F4xx_HAL_Driver/Src/stm32f4xx_hal_i2s.o
                0x08001ae0                HAL_I2S_TxCpltCallback
 .text.I2S_Transmit_IT
                0x08001ae2       0x36 Drivers/STM32F4xx_HAL_Driver/Src/stm32f4xx_hal_i2s.o
 .text.HAL_I2S_RxCpltCallback
                0x08001b18        0x2 Drivers/STM32F4xx_HAL_Driver/Src/stm32f4xx_hal_i2s.o
                0x08001b18                HAL_I2S_RxCpltCallback
 .text.I2S_Receive_IT
                0x08001b1a       0x36 Drivers/STM32F4xx_HAL_Driver/Src/stm32f4xx_hal_i2s.o
 .text.HAL_I2S_ErrorCallback
                0x08001b50        0x2 Drivers/STM32F4xx_HAL_Driver/Src/stm32f4xx_hal_i2s.o
                0x08001b50                HAL_I2S_ErrorCallback
 .text.I2S_IRQHandler
                0x08001b52       0xd0 Drivers/STM32F4xx_HAL_Driver/Src/stm32f4xx_hal_i2s.o
 .text.HAL_I2SEx_TxRxCpltCallback
                0x08001c22        0x2 Drivers/STM32F4xx_HAL_Driver/Src/stm32f4xx_hal_i2s_ex.o
                0x08001c22                HAL_I2SEx_TxRxCpltCallback
 .text.I2SEx_TxISR_I2S
                0x08001c24       0x3a Drivers/STM32F4xx_HAL_Driver/Src/stm32f4xx_hal_i2s_ex.o
 *fill*         0x08001c5e        0x2 
 .text.I2SEx_RxISR_I2SExt
                0x08001c60       0x60 Drivers/STM32F4xx_HAL_Driver/Src/stm32f4xx_hal_i2s_ex.o
 .text.I2SEx_TxISR_I2SExt
                0x08001cc0       0x60 Drivers/STM32F4xx_HAL_Driver/Src/stm32f4xx_hal_i2s_ex.o
 .text.I2SEx_RxISR_I2S
                0x08001d20       0x3a Drivers/STM32F4xx_HAL_Driver/Src/stm32f4xx_hal_i2s_ex.o
 *fill*         0x08001d5a        0x2 
 .text.HAL_I2SEx_FullDuplex_IRQHandler
                0x08001d5c      0x1d8 Drivers/STM32F4xx_HAL_Driver/Src/stm32f4xx_hal_i2s_ex.o
                0x08001d5c                HAL_I2SEx_FullDuplex_IRQHandler
 .text.HAL_RCC_OscConfig
                0x08001f34      0x398 Drivers/STM32F4xx_HAL_Driver/Src/stm32f4xx_hal_rcc.o
                0x08001f34                HAL_RCC_OscConfig
 .text.HAL_RCC_GetSysClockFreq
                0x080022cc       0xd8 Drivers/STM32F4xx_HAL_Driver/Src/stm32f4xx_hal_rcc.o
                0x080022cc                HAL_RCC_GetSysClockFreq
 .text.HAL_RCC_ClockConfig
                0x080023a4      0x158 Drivers/STM32F4xx_HAL_Driver/Src/stm32f4xx_hal_rcc.o
                0x080023a4                HAL_RCC_ClockConfig
 .text.HAL_RCC_GetHCLKFreq
                0x080024fc        0xc Drivers/STM32F4xx_HAL_Driver/Src/stm32f4xx_hal_rcc.o
                0x080024fc                HAL_RCC_GetHCLKFreq
 .text.HAL_RCC_GetPCLK1Freq
                0x08002508       0x20 Drivers/STM32F4xx_HAL_Driver/Src/stm32f4xx_hal_rcc.o
                0x08002508                HAL_RCC_GetPCLK1Freq
 .text.HAL_RCC_GetPCLK2Freq
                0x08002528       0x20 Drivers/STM32F4xx_HAL_Driver/Src/stm32f4xx_hal_rcc.o
                0x08002528                HAL_RCC_GetPCLK2Freq
 .text.HAL_RCC_GetClockConfig
                0x08002548       0x3c Drivers/STM32F4xx_HAL_Driver/Src/stm32f4xx_hal_rcc.o
                0x08002548                HAL_RCC_GetClockConfig
 .text.HAL_RCCEx_PeriphCLKConfig
                0x08002584      0x154 Drivers/STM32F4xx_HAL_Driver/Src/stm32f4xx_hal_rcc_ex.o
                0x08002584                HAL_RCCEx_PeriphCLKConfig
 .text.HAL_RCCEx_GetPeriphCLKFreq
                0x080026d8       0x74 Drivers/STM32F4xx_HAL_Driver/Src/stm32f4xx_hal_rcc_ex.o
                0x080026d8                HAL_RCCEx_GetPeriphCLKFreq
 .text.HAL_SPI_Init
                0x0800274c       0x80 Drivers/STM32F4xx_HAL_Driver/Src/stm32f4xx_hal_spi.o
                0x0800274c                HAL_SPI_Init
 .text.HAL_TIM_Base_MspInit
                0x080027cc        0x2 Drivers/STM32F4xx_HAL_Driver/Src/stm32f4xx_hal_tim.o
                0x080027cc                HAL_TIM_Base_MspInit
 .text.HAL_TIM_Base_Start_IT
                0x080027ce       0x22 Drivers/STM32F4xx_HAL_Driver/Src/stm32f4xx_hal_tim.o
                0x080027ce                HAL_TIM_Base_Start_IT
 .text.HAL_TIM_OC_DelayElapsedCallback
                0x080027f0        0x2 Drivers/STM32F4xx_HAL_Driver/Src/stm32f4xx_hal_tim.o
                0x080027f0                HAL_TIM_OC_DelayElapsedCallback
 .text.HAL_TIM_IC_CaptureCallback
                0x080027f2        0x2 Drivers/STM32F4xx_HAL_Driver/Src/stm32f4xx_hal_tim.o
                0x080027f2                HAL_TIM_IC_CaptureCallback
 .text.HAL_TIM_PWM_PulseFinishedCallback
                0x080027f4        0x2 Drivers/STM32F4xx_HAL_Driver/Src/stm32f4xx_hal_tim.o
                0x080027f4                HAL_TIM_PWM_PulseFinishedCallback
 .text.HAL_TIM_TriggerCallback
                0x080027f6        0x2 Drivers/STM32F4xx_HAL_Driver/Src/stm32f4xx_hal_tim.o
                0x080027f6                HAL_TIM_TriggerCallback
 .text.HAL_TIM_IRQHandler
                0x080027f8      0x17a Drivers/STM32F4xx_HAL_Driver/Src/stm32f4xx_hal_tim.o
                0x080027f8                HAL_TIM_IRQHandler
 *fill*         0x08002972        0x2 
 .text.TIM_Base_SetConfig
                0x08002974       0xc8 Drivers/STM32F4xx_HAL_Driver/Src/stm32f4xx_hal_tim.o
                0x08002974                TIM_Base_SetConfig
 .text.HAL_TIM_Base_Init
                0x08002a3c       0x32 Drivers/STM32F4xx_HAL_Driver/Src/stm32f4xx_hal_tim.o
                0x08002a3c                HAL_TIM_Base_Init
 .text.HAL_TIMEx_CommutCallback
                0x08002a6e        0x2 Drivers/STM32F4xx_HAL_Driver/Src/stm32f4xx_hal_tim_ex.o
                0x08002a6e                HAL_TIMEx_CommutCallback
 .text.HAL_TIMEx_BreakCallback
                0x08002a70        0x2 Drivers/STM32F4xx_HAL_Driver/Src/stm32f4xx_hal_tim_ex.o
                0x08002a70                HAL_TIMEx_BreakCallback
 .text.UART_EndTxTransfer
                0x08002a72       0x12 Drivers/STM32F4xx_HAL_Driver/Src/stm32f4xx_hal_uart.o
 .text.UART_EndRxTransfer
                0x08002a84       0x1c Drivers/STM32F4xx_HAL_Driver/Src/stm32f4xx_hal_uart.o
 .text.UART_Transmit_IT
                0x08002aa0       0x68 Drivers/STM32F4xx_HAL_Driver/Src/stm32f4xx_hal_uart.o
 .text.UART_SetConfig
                0x08002b08      0x334 Drivers/STM32F4xx_HAL_Driver/Src/stm32f4xx_hal_uart.o
 .text.HAL_UART_Init
                0x08002e3c       0x5e Drivers/STM32F4xx_HAL_Driver/Src/stm32f4xx_hal_uart.o
                0x08002e3c                HAL_UART_Init
 .text.HAL_UART_Receive_IT
                0x08002e9a       0x5c Drivers/STM32F4xx_HAL_Driver/Src/stm32f4xx_hal_uart.o
                0x08002e9a                HAL_UART_Receive_IT
 *fill*         0x08002ef6        0x2 
 .text.HAL_UART_Transmit_DMA
                0x08002ef8       0x8c Drivers/STM32F4xx_HAL_Driver/Src/stm32f4xx_hal_uart.o
                0x08002ef8                HAL_UART_Transmit_DMA
 .text.UART_DMATransmitCplt
                0x08002f84       0x30 Drivers/STM32F4xx_HAL_Driver/Src/stm32f4xx_hal_uart.o
 .text.UART_EndTransmit_IT
                0x08002fb4       0x1a Drivers/STM32F4xx_HAL_Driver/Src/stm32f4xx_hal_uart.o
 .text.HAL_UART_TxHalfCpltCallback
                0x08002fce        0x2 Drivers/STM32F4xx_HAL_Driver/Src/stm32f4xx_hal_uart.o
                0x08002fce                HAL_UART_TxHalfCpltCallback
 .text.UART_DMATxHalfCplt
                0x08002fd0        0xa Drivers/STM32F4xx_HAL_Driver/Src/stm32f4xx_hal_uart.o
 .text.UART_Receive_IT
                0x08002fda       0x9c Drivers/STM32F4xx_HAL_Driver/Src/stm32f4xx_hal_uart.o
 .text.UART_DMAError
                0x08003076       0x58 Drivers/STM32F4xx_HAL_Driver/Src/stm32f4xx_hal_uart.o
 *fill*         0x080030ce        0x2 
 .text.HAL_UART_IRQHandler
                0x080030d0      0x120 Drivers/STM32F4xx_HAL_Driver/Src/stm32f4xx_hal_uart.o
                0x080030d0                HAL_UART_IRQHandler
 .text.UART_DMAAbortOnError
                0x080031f0       0x10 Drivers/STM32F4xx_HAL_Driver/Src/stm32f4xx_hal_uart.o
 .text.USB_CoreReset
                0x08003200       0x3c Drivers/STM32F4xx_HAL_Driver/Src/stm32f4xx_ll_usb.o
 .text.USB_CoreInit
                0x0800323c       0x8a Drivers/STM32F4xx_HAL_Driver/Src/stm32f4xx_ll_usb.o
                0x0800323c                USB_CoreInit
 .text.USB_EnableGlobalInt
                0x080032c6        0xc Drivers/STM32F4xx_HAL_Driver/Src/stm32f4xx_ll_usb.o
                0x080032c6                USB_EnableGlobalInt
 .text.USB_DisableGlobalInt
                0x080032d2        0xc Drivers/STM32F4xx_HAL_Driver/Src/stm32f4xx_ll_usb.o
                0x080032d2                USB_DisableGlobalInt
 .text.USB_SetCurrentMode
                0x080032de       0x30 Drivers/STM32F4xx_HAL_Driver/Src/stm32f4xx_ll_usb.o
                0x080032de                USB_SetCurrentMode
 *fill*         0x0800330e        0x2 
 .text.USB_FlushTxFifo
                0x08003310       0x28 Drivers/STM32F4xx_HAL_Driver/Src/stm32f4xx_ll_usb.o
                0x08003310                USB_FlushTxFifo
 .text.USB_FlushRxFifo
                0x08003338       0x24 Drivers/STM32F4xx_HAL_Driver/Src/stm32f4xx_ll_usb.o
                0x08003338                USB_FlushRxFifo
 .text.USB_WritePacket
                0x0800335c       0x28 Drivers/STM32F4xx_HAL_Driver/Src/stm32f4xx_ll_usb.o
                0x0800335c                USB_WritePacket
 .text.USB_ReadPacket
                0x08003384       0x28 Drivers/STM32F4xx_HAL_Driver/Src/stm32f4xx_ll_usb.o
                0x08003384                USB_ReadPacket
 .text.USB_ReadInterrupts
                0x080033ac        0x8 Drivers/STM32F4xx_HAL_Driver/Src/stm32f4xx_ll_usb.o
                0x080033ac                USB_ReadInterrupts
 .text.USB_GetMode
                0x080033b4        0x8 Drivers/STM32F4xx_HAL_Driver/Src/stm32f4xx_ll_usb.o
                0x080033b4                USB_GetMode
 .text.USB_InitFSLSPClkSel
                0x080033bc       0x40 Drivers/STM32F4xx_HAL_Driver/Src/stm32f4xx_ll_usb.o
                0x080033bc                USB_InitFSLSPClkSel
 .text.USB_ResetPort
                0x080033fc       0x3e Drivers/STM32F4xx_HAL_Driver/Src/stm32f4xx_ll_usb.o
                0x080033fc                USB_ResetPort
 .text.USB_DriveVbus
                0x0800343a       0x46 Drivers/STM32F4xx_HAL_Driver/Src/stm32f4xx_ll_usb.o
                0x0800343a                USB_DriveVbus
 .text.USB_HostInit
                0x08003480       0xfc Drivers/STM32F4xx_HAL_Driver/Src/stm32f4xx_ll_usb.o
                0x08003480                USB_HostInit
 .text.USB_GetHostSpeed
                0x0800357c       0x16 Drivers/STM32F4xx_HAL_Driver/Src/stm32f4xx_ll_usb.o
                0x0800357c                USB_GetHostSpeed
 .text.USB_GetCurrentFrame
                0x08003592        0xa Drivers/STM32F4xx_HAL_Driver/Src/stm32f4xx_ll_usb.o
                0x08003592                USB_GetCurrentFrame
 .text.USB_HC_Init
                0x0800359c      0x108 Drivers/STM32F4xx_HAL_Driver/Src/stm32f4xx_ll_usb.o
                0x0800359c                USB_HC_Init
 .text.USB_HC_ReadInterrupt
                0x080036a4        0xa Drivers/STM32F4xx_HAL_Driver/Src/stm32f4xx_ll_usb.o
                0x080036a4                USB_HC_ReadInterrupt
 .text.USB_HC_Halt
                0x080036ae       0xd0 Drivers/STM32F4xx_HAL_Driver/Src/stm32f4xx_ll_usb.o
                0x080036ae                USB_HC_Halt
 *fill*         0x0800377e        0x2 
 .text.USB_DoPing
                0x08003780       0x24 Drivers/STM32F4xx_HAL_Driver/Src/stm32f4xx_ll_usb.o
                0x08003780                USB_DoPing
 .text.USB_HC_StartXfer
                0x080037a4      0x158 Drivers/STM32F4xx_HAL_Driver/Src/stm32f4xx_ll_usb.o
                0x080037a4                USB_HC_StartXfer
 .text.USB_StopHost
                0x080038fc       0x7e Drivers/STM32F4xx_HAL_Driver/Src/stm32f4xx_ll_usb.o
                0x080038fc                USB_StopHost
 .text.USBH_CDC_SOFProcess
                0x0800397a        0x4 Middlewares/ST/STM32_USB_Host_Library/Class/CDC/Src/usbh_cdc.o
 .text.SetLineCoding
                0x0800397e       0x1a Middlewares/ST/STM32_USB_Host_Library/Class/CDC/Src/usbh_cdc.o
 .text.GetLineCoding
                0x08003998       0x1a Middlewares/ST/STM32_USB_Host_Library/Class/CDC/Src/usbh_cdc.o
 .text.USBH_CDC_ClassRequest
                0x080039b2       0x22 Middlewares/ST/STM32_USB_Host_Library/Class/CDC/Src/usbh_cdc.o
 .text.USBH_CDC_InterfaceDeInit
                0x080039d4       0x68 Middlewares/ST/STM32_USB_Host_Library/Class/CDC/Src/usbh_cdc.o
 .text.USBH_CDC_InterfaceInit
                0x08003a3c      0x160 Middlewares/ST/STM32_USB_Host_Library/Class/CDC/Src/usbh_cdc.o
 .text.USBH_CDC_TransmitCallback
                0x08003b9c        0x2 Middlewares/ST/STM32_USB_Host_Library/Class/CDC/Src/usbh_cdc.o
                0x08003b9c                USBH_CDC_TransmitCallback
 .text.CDC_ProcessTransmission
                0x08003b9e       0xc0 Middlewares/ST/STM32_USB_Host_Library/Class/CDC/Src/usbh_cdc.o
 .text.USBH_CDC_ReceiveCallback
                0x08003c5e        0x2 Middlewares/ST/STM32_USB_Host_Library/Class/CDC/Src/usbh_cdc.o
                0x08003c5e                USBH_CDC_ReceiveCallback
 .text.CDC_ProcessReception
                0x08003c60       0x7e Middlewares/ST/STM32_USB_Host_Library/Class/CDC/Src/usbh_cdc.o
 .text.USBH_CDC_LineCodingChanged
                0x08003cde        0x2 Middlewares/ST/STM32_USB_Host_Library/Class/CDC/Src/usbh_cdc.o
                0x08003cde                USBH_CDC_LineCodingChanged
 .text.USBH_CDC_Process
                0x08003ce0       0xb8 Middlewares/ST/STM32_USB_Host_Library/Class/CDC/Src/usbh_cdc.o
 .text.DeInitStateMachine
                0x08003d98       0x4a Middlewares/ST/STM32_USB_Host_Library/Core/Src/usbh_core.o
 .text.USBH_HandleSof
                0x08003de2       0x1a Middlewares/ST/STM32_USB_Host_Library/Core/Src/usbh_core.o
 .text.USBH_HandleEnum
                0x08003dfc      0x1ca Middlewares/ST/STM32_USB_Host_Library/Core/Src/usbh_core.o
 *fill*         0x08003fc6        0x2 
 .text.USBH_Init
                0x08003fc8       0x64 Middlewares/ST/STM32_USB_Host_Library/Core/Src/usbh_core.o
                0x08003fc8                USBH_Init
 .text.USBH_RegisterClass
                0x0800402c       0x24 Middlewares/ST/STM32_USB_Host_Library/Core/Src/usbh_core.o
                0x0800402c                USBH_RegisterClass
 .text.USBH_SelectInterface
                0x08004050       0x14 Middlewares/ST/STM32_USB_Host_Library/Core/Src/usbh_core.o
                0x08004050                USBH_SelectInterface
 .text.USBH_FindInterface
                0x08004064       0x50 Middlewares/ST/STM32_USB_Host_Library/Core/Src/usbh_core.o
                0x08004064                USBH_FindInterface
 .text.USBH_Start
                0x080040b4       0x14 Middlewares/ST/STM32_USB_Host_Library/Core/Src/usbh_core.o
                0x080040b4                USBH_Start
 .text.USBH_LL_SetTimer
                0x080040c8        0x6 Middlewares/ST/STM32_USB_Host_Library/Core/Src/usbh_core.o
                0x080040c8                USBH_LL_SetTimer
 .text.USBH_LL_IncTimer
                0x080040ce       0x12 Middlewares/ST/STM32_USB_Host_Library/Core/Src/usbh_core.o
                0x080040ce                USBH_LL_IncTimer
 .text.USBH_LL_PortEnabled
                0x080040e0        0x8 Middlewares/ST/STM32_USB_Host_Library/Core/Src/usbh_core.o
                0x080040e0                USBH_LL_PortEnabled
 .text.USBH_LL_PortDisabled
                0x080040e8        0x8 Middlewares/ST/STM32_USB_Host_Library/Core/Src/usbh_core.o
                0x080040e8                USBH_LL_PortDisabled
 .text.USBH_IsPortEnabled
                0x080040f0        0x6 Middlewares/ST/STM32_USB_Host_Library/Core/Src/usbh_core.o
                0x080040f0                USBH_IsPortEnabled
 .text.USBH_Process
                0x080040f6      0x28e Middlewares/ST/STM32_USB_Host_Library/Core/Src/usbh_core.o
                0x080040f6                USBH_Process
 .text.USBH_Process_OS
                0x08004384       0x22 Middlewares/ST/STM32_USB_Host_Library/Core/Src/usbh_core.o
 .text.USBH_LL_Connect
                0x080043a6       0x40 Middlewares/ST/STM32_USB_Host_Library/Core/Src/usbh_core.o
                0x080043a6                USBH_LL_Connect
 .text.USBH_LL_Disconnect
                0x080043e6       0x4e Middlewares/ST/STM32_USB_Host_Library/Core/Src/usbh_core.o
                0x080043e6                USBH_LL_Disconnect
 .text.USBH_LL_NotifyURBChange
                0x08004434       0x1c Middlewares/ST/STM32_USB_Host_Library/Core/Src/usbh_core.o
                0x08004434                USBH_LL_NotifyURBChange
 .text.USBH_ParseDevDesc
                0x08004450       0x5c Middlewares/ST/STM32_USB_Host_Library/Core/Src/usbh_ctlreq.o
 .text.USBH_ParseInterfaceDesc
                0x080044ac       0x26 Middlewares/ST/STM32_USB_Host_Library/Core/Src/usbh_ctlreq.o
 .text.USBH_ParseEPDesc
                0x080044d2       0x20 Middlewares/ST/STM32_USB_Host_Library/Core/Src/usbh_ctlreq.o
 .text.USBH_ParseStringDesc
                0x080044f2       0x3c Middlewares/ST/STM32_USB_Host_Library/Core/Src/usbh_ctlreq.o
 .text.USBH_HandleControl
                0x0800452e      0x322 Middlewares/ST/STM32_USB_Host_Library/Core/Src/usbh_ctlreq.o
 .text.USBH_GetNextDesc
                0x08004850        0xe Middlewares/ST/STM32_USB_Host_Library/Core/Src/usbh_ctlreq.o
                0x08004850                USBH_GetNextDesc
 .text.USBH_ParseCfgDesc
                0x0800485e       0xc2 Middlewares/ST/STM32_USB_Host_Library/Core/Src/usbh_ctlreq.o
 .text.USBH_CtlReq
                0x08004920       0x62 Middlewares/ST/STM32_USB_Host_Library/Core/Src/usbh_ctlreq.o
                0x08004920                USBH_CtlReq
 .text.USBH_GetDescriptor
                0x08004982       0x3c Middlewares/ST/STM32_USB_Host_Library/Core/Src/usbh_ctlreq.o
                0x08004982                USBH_GetDescriptor
 .text.USBH_Get_DevDesc
                0x080049be       0x32 Middlewares/ST/STM32_USB_Host_Library/Core/Src/usbh_ctlreq.o
                0x080049be                USBH_Get_DevDesc
 .text.USBH_Get_CfgDesc
                0x080049f0       0x32 Middlewares/ST/STM32_USB_Host_Library/Core/Src/usbh_ctlreq.o
                0x080049f0                USBH_Get_CfgDesc
 .text.USBH_Get_StringDesc
                0x08004a22       0x30 Middlewares/ST/STM32_USB_Host_Library/Core/Src/usbh_ctlreq.o
                0x08004a22                USBH_Get_StringDesc
 .text.USBH_SetAddress
                0x08004a52       0x22 Middlewares/ST/STM32_USB_Host_Library/Core/Src/usbh_ctlreq.o
                0x08004a52                USBH_SetAddress
 .text.USBH_SetCfg
                0x08004a74       0x22 Middlewares/ST/STM32_USB_Host_Library/Core/Src/usbh_ctlreq.o
                0x08004a74                USBH_SetCfg
 .text.USBH_SetFeature
                0x08004a96       0x22 Middlewares/ST/STM32_USB_Host_Library/Core/Src/usbh_ctlreq.o
                0x08004a96                USBH_SetFeature
 .text.USBH_ClrFeature
                0x08004ab8       0x24 Middlewares/ST/STM32_USB_Host_Library/Core/Src/usbh_ctlreq.o
                0x08004ab8                USBH_ClrFeature
 .text.USBH_CtlSendSetup
                0x08004adc       0x22 Middlewares/ST/STM32_USB_Host_Library/Core/Src/usbh_ioreq.o
                0x08004adc                USBH_CtlSendSetup
 .text.USBH_CtlSendData
                0x08004afe       0x2c Middlewares/ST/STM32_USB_Host_Library/Core/Src/usbh_ioreq.o
                0x08004afe                USBH_CtlSendData
 .text.USBH_CtlReceiveData
                0x08004b2a       0x20 Middlewares/ST/STM32_USB_Host_Library/Core/Src/usbh_ioreq.o
                0x08004b2a                USBH_CtlReceiveData
 .text.USBH_BulkSendData
                0x08004b4a       0x2c Middlewares/ST/STM32_USB_Host_Library/Core/Src/usbh_ioreq.o
                0x08004b4a                USBH_BulkSendData
 .text.USBH_BulkReceiveData
                0x08004b76       0x20 Middlewares/ST/STM32_USB_Host_Library/Core/Src/usbh_ioreq.o
                0x08004b76                USBH_BulkReceiveData
 .text.USBH_GetFreePipe
                0x08004b96       0x24 Middlewares/ST/STM32_USB_Host_Library/Core/Src/usbh_pipes.o
 .text.USBH_OpenPipe
                0x08004bba       0x20 Middlewares/ST/STM32_USB_Host_Library/Core/Src/usbh_pipes.o
                0x08004bba                USBH_OpenPipe
 .text.USBH_ClosePipe
                0x08004bda        0xa Middlewares/ST/STM32_USB_Host_Library/Core/Src/usbh_pipes.o
                0x08004bda                USBH_ClosePipe
 .text.USBH_AllocPipe
                0x08004be4       0x22 Middlewares/ST/STM32_USB_Host_Library/Core/Src/usbh_pipes.o
                0x08004be4                USBH_AllocPipe
 .text.USBH_FreePipe
                0x08004c06       0x16 Middlewares/ST/STM32_USB_Host_Library/Core/Src/usbh_pipes.o
                0x08004c06                USBH_FreePipe
 .text.osKernelInitialize
                0x08004c1c       0x44 Middlewares/Third_Party/FreeRTOS/Source/CMSIS_RTOS_V2/cmsis_os2.o
                0x08004c1c                osKernelInitialize
 .text.osKernelStart
                0x08004c60       0x4c Middlewares/Third_Party/FreeRTOS/Source/CMSIS_RTOS_V2/cmsis_os2.o
                0x08004c60                osKernelStart
 .text.osThreadNew
                0x08004cac       0xe8 Middlewares/Third_Party/FreeRTOS/Source/CMSIS_RTOS_V2/cmsis_os2.o
                0x08004cac                osThreadNew
 .text.osDelay  0x08004d94       0x44 Middlewares/Third_Party/FreeRTOS/Source/CMSIS_RTOS_V2/cmsis_os2.o
                0x08004d94                osDelay
 .text.osMessageQueueNew
                0x08004dd8       0xc0 Middlewares/Third_Party/FreeRTOS/Source/CMSIS_RTOS_V2/cmsis_os2.o
                0x08004dd8                osMessageQueueNew
 .text.osMessageQueuePut
                0x08004e98       0xa4 Middlewares/Third_Party/FreeRTOS/Source/CMSIS_RTOS_V2/cmsis_os2.o
                0x08004e98                osMessageQueuePut
 .text.osMessageQueueGet
                0x08004f3c       0xa4 Middlewares/Third_Party/FreeRTOS/Source/CMSIS_RTOS_V2/cmsis_os2.o
                0x08004f3c                osMessageQueueGet
 .text.vApplicationGetIdleTaskMemory
                0x08004fe0       0x1c Middlewares/Third_Party/FreeRTOS/Source/CMSIS_RTOS_V2/cmsis_os2.o
                0x08004fe0                vApplicationGetIdleTaskMemory
 .text.vApplicationGetTimerTaskMemory
                0x08004ffc       0x20 Middlewares/Third_Party/FreeRTOS/Source/CMSIS_RTOS_V2/cmsis_os2.o
                0x08004ffc                vApplicationGetTimerTaskMemory
 .text.vListInitialise
                0x0800501c       0x16 Middlewares/Third_Party/FreeRTOS/Source/list.o
                0x0800501c                vListInitialise
 .text.vListInitialiseItem
                0x08005032        0x6 Middlewares/Third_Party/FreeRTOS/Source/list.o
                0x08005032                vListInitialiseItem
 .text.vListInsertEnd
                0x08005038       0x18 Middlewares/Third_Party/FreeRTOS/Source/list.o
                0x08005038                vListInsertEnd
 .text.vListInsert
                0x08005050       0x34 Middlewares/Third_Party/FreeRTOS/Source/list.o
                0x08005050                vListInsert
 .text.uxListRemove
                0x08005084       0x28 Middlewares/Third_Party/FreeRTOS/Source/list.o
                0x08005084                uxListRemove
 .text.prvIsQueueFull
                0x080050ac       0x1e Middlewares/Third_Party/FreeRTOS/Source/queue.o
 .text.prvIsQueueEmpty
                0x080050ca       0x1a Middlewares/Third_Party/FreeRTOS/Source/queue.o
 .text.prvCopyDataToQueue
                0x080050e4       0x76 Middlewares/Third_Party/FreeRTOS/Source/queue.o
 .text.prvCopyDataFromQueue
                0x0800515a       0x24 Middlewares/Third_Party/FreeRTOS/Source/queue.o
 .text.prvUnlockQueue
                0x0800517e       0x6e Middlewares/Third_Party/FreeRTOS/Source/queue.o
 .text.xQueueGenericReset
                0x080051ec       0x84 Middlewares/Third_Party/FreeRTOS/Source/queue.o
                0x080051ec                xQueueGenericReset
 .text.prvInitialiseNewQueue
                0x08005270       0x1c Middlewares/Third_Party/FreeRTOS/Source/queue.o
 .text.xQueueGenericCreateStatic
                0x0800528c       0x90 Middlewares/Third_Party/FreeRTOS/Source/queue.o
                0x0800528c                xQueueGenericCreateStatic
 .text.xQueueGenericCreate
                0x0800531c       0x4e Middlewares/Third_Party/FreeRTOS/Source/queue.o
                0x0800531c                xQueueGenericCreate
 *fill*         0x0800536a        0x2 
 .text.xQueueGenericSend
                0x0800536c      0x17c Middlewares/Third_Party/FreeRTOS/Source/queue.o
                0x0800536c                xQueueGenericSend
 .text.xQueueGenericSendFromISR
                0x080054e8       0xcc Middlewares/Third_Party/FreeRTOS/Source/queue.o
                0x080054e8                xQueueGenericSendFromISR
 .text.xQueueReceive
                0x080055b4      0x158 Middlewares/Third_Party/FreeRTOS/Source/queue.o
                0x080055b4                xQueueReceive
 .text.xQueueReceiveFromISR
                0x0800570c       0xaa Middlewares/Third_Party/FreeRTOS/Source/queue.o
                0x0800570c                xQueueReceiveFromISR
 *fill*         0x080057b6        0x2 
 .text.vQueueAddToRegistry
                0x080057b8       0x28 Middlewares/Third_Party/FreeRTOS/Source/queue.o
                0x080057b8                vQueueAddToRegistry
 .text.vQueueWaitForMessageRestricted
                0x080057e0       0x52 Middlewares/Third_Party/FreeRTOS/Source/queue.o
                0x080057e0                vQueueWaitForMessageRestricted
 *fill*         0x08005832        0x2 
 .text.prvResetNextTaskUnblockTime
                0x08005834       0x24 Middlewares/Third_Party/FreeRTOS/Source/tasks.o
 .text.prvInitialiseNewTask
                0x08005858       0x80 Middlewares/Third_Party/FreeRTOS/Source/tasks.o
 .text.prvInitialiseTaskLists
                0x080058d8       0x58 Middlewares/Third_Party/FreeRTOS/Source/tasks.o
 .text.prvAddNewTaskToReadyList
                0x08005930       0xac Middlewares/Third_Party/FreeRTOS/Source/tasks.o
 .text.prvDeleteTCB
                0x080059dc       0x38 Middlewares/Third_Party/FreeRTOS/Source/tasks.o
 .text.prvCheckTasksWaitingTermination
                0x08005a14       0x44 Middlewares/Third_Party/FreeRTOS/Source/tasks.o
 .text.prvIdleTask
                0x08005a58       0x28 Middlewares/Third_Party/FreeRTOS/Source/tasks.o
 .text.prvAddCurrentTaskToDelayedList
                0x08005a80       0x6c Middlewares/Third_Party/FreeRTOS/Source/tasks.o
 .text.xTaskCreateStatic
                0x08005aec       0x72 Middlewares/Third_Party/FreeRTOS/Source/tasks.o
                0x08005aec                xTaskCreateStatic
 .text.xTaskCreate
                0x08005b5e       0x66 Middlewares/Third_Party/FreeRTOS/Source/tasks.o
                0x08005b5e                xTaskCreate
 .text.vTaskStartScheduler
                0x08005bc4       0x8c Middlewares/Third_Party/FreeRTOS/Source/tasks.o
                0x08005bc4                vTaskStartScheduler
 .text.vTaskSuspendAll
                0x08005c50       0x14 Middlewares/Third_Party/FreeRTOS/Source/tasks.o
                0x08005c50                vTaskSuspendAll
 .text.xTaskGetTickCount
                0x08005c64        0xc Middlewares/Third_Party/FreeRTOS/Source/tasks.o
                0x08005c64                xTaskGetTickCount
 .text.xTaskIncrementTick
                0x08005c70      0x10c Middlewares/Third_Party/FreeRTOS/Source/tasks.o
                0x08005c70                xTaskIncrementTick
 .text.xTaskResumeAll
                0x08005d7c       0xf0 Middlewares/Third_Party/FreeRTOS/Source/tasks.o
                0x08005d7c                xTaskResumeAll
 .text.vTaskDelay
                0x08005e6c       0x4c Middlewares/Third_Party/FreeRTOS/Source/tasks.o
                0x08005e6c                vTaskDelay
 .text.vTaskSwitchContext
                0x08005eb8       0x94 Middlewares/Third_Party/FreeRTOS/Source/tasks.o
                0x08005eb8                vTaskSwitchContext
 .text.vTaskPlaceOnEventList
                0x08005f4c       0x34 Middlewares/Third_Party/FreeRTOS/Source/tasks.o
                0x08005f4c                vTaskPlaceOnEventList
 .text.vTaskPlaceOnEventListRestricted
                0x08005f80       0x3c Middlewares/Third_Party/FreeRTOS/Source/tasks.o
                0x08005f80                vTaskPlaceOnEventListRestricted
 .text.xTaskRemoveFromEventList
                0x08005fbc       0x88 Middlewares/Third_Party/FreeRTOS/Source/tasks.o
                0x08005fbc                xTaskRemoveFromEventList
 .text.vTaskInternalSetTimeOutState
                0x08006044       0x14 Middlewares/Third_Party/FreeRTOS/Source/tasks.o
                0x08006044                vTaskInternalSetTimeOutState
 .text.xTaskCheckForTimeOut
                0x08006058       0x80 Middlewares/Third_Party/FreeRTOS/Source/tasks.o
                0x08006058                xTaskCheckForTimeOut
 .text.vTaskMissedYield
                0x080060d8       0x10 Middlewares/Third_Party/FreeRTOS/Source/tasks.o
                0x080060d8                vTaskMissedYield
 .text.xTaskGetSchedulerState
                0x080060e8       0x20 Middlewares/Third_Party/FreeRTOS/Source/tasks.o
                0x080060e8                xTaskGetSchedulerState
 .text.xTaskPriorityDisinherit
                0x08006108       0x90 Middlewares/Third_Party/FreeRTOS/Source/tasks.o
                0x08006108                xTaskPriorityDisinherit
 .text.prvGetNextExpireTime
                0x08006198       0x20 Middlewares/Third_Party/FreeRTOS/Source/timers.o
 .text.prvInsertTimerInActiveList
                0x080061b8       0x44 Middlewares/Third_Party/FreeRTOS/Source/timers.o
 .text.prvCheckForValidListAndQueue
                0x080061fc       0x5c Middlewares/Third_Party/FreeRTOS/Source/timers.o
 .text.xTimerCreateTimerTask
                0x08006258       0x64 Middlewares/Third_Party/FreeRTOS/Source/timers.o
                0x08006258                xTimerCreateTimerTask
 .text.xTimerGenericCommand
                0x080062bc       0x6c Middlewares/Third_Party/FreeRTOS/Source/timers.o
                0x080062bc                xTimerGenericCommand
 .text.prvSwitchTimerLists
                0x08006328       0x88 Middlewares/Third_Party/FreeRTOS/Source/timers.o
 .text.prvSampleTimeNow
                0x080063b0       0x30 Middlewares/Third_Party/FreeRTOS/Source/timers.o
 .text.prvProcessExpiredTimer
                0x080063e0       0x60 Middlewares/Third_Party/FreeRTOS/Source/timers.o
 .text.prvProcessTimerOrBlockTask
                0x08006440       0x70 Middlewares/Third_Party/FreeRTOS/Source/timers.o
 .text.prvProcessReceivedCommands
                0x080064b0       0xe8 Middlewares/Third_Party/FreeRTOS/Source/timers.o
 .text.prvTimerTask
                0x08006598       0x16 Middlewares/Third_Party/FreeRTOS/Source/timers.o
 *fill*         0x080065ae        0x2 
 .text.prvTaskExitError
                0x080065b0       0x40 Middlewares/Third_Party/FreeRTOS/Source/portable/GCC/ARM_CM4F/port.o
 .text.prvPortStartFirstTask
                0x080065f0       0x28 Middlewares/Third_Party/FreeRTOS/Source/portable/GCC/ARM_CM4F/port.o
 .text.vPortEnableVFP
                0x08006618       0x14 Middlewares/Third_Party/FreeRTOS/Source/portable/GCC/ARM_CM4F/port.o
 .text.pxPortInitialiseStack
                0x0800662c       0x2c Middlewares/Third_Party/FreeRTOS/Source/portable/GCC/ARM_CM4F/port.o
                0x0800662c                pxPortInitialiseStack
 *fill*         0x08006658        0x8 
 .text.SVC_Handler
                0x08006660       0x24 Middlewares/Third_Party/FreeRTOS/Source/portable/GCC/ARM_CM4F/port.o
                0x08006660                SVC_Handler
 .text.vPortEnterCritical
                0x08006684       0x44 Middlewares/Third_Party/FreeRTOS/Source/portable/GCC/ARM_CM4F/port.o
                0x08006684                vPortEnterCritical
 .text.vPortExitCritical
                0x080066c8       0x2c Middlewares/Third_Party/FreeRTOS/Source/portable/GCC/ARM_CM4F/port.o
                0x080066c8                vPortExitCritical
 *fill*         0x080066f4        0xc 
 .text.PendSV_Handler
                0x08006700       0x64 Middlewares/Third_Party/FreeRTOS/Source/portable/GCC/ARM_CM4F/port.o
                0x08006700                PendSV_Handler
 .text.SysTick_Handler
                0x08006764       0x2c Middlewares/Third_Party/FreeRTOS/Source/portable/GCC/ARM_CM4F/port.o
                0x08006764                SysTick_Handler
 .text.vPortSetupTimerInterrupt
                0x08006790       0x38 Middlewares/Third_Party/FreeRTOS/Source/portable/GCC/ARM_CM4F/port.o
                0x08006790                vPortSetupTimerInterrupt
 .text.xPortStartScheduler
                0x080067c8      0x108 Middlewares/Third_Party/FreeRTOS/Source/portable/GCC/ARM_CM4F/port.o
                0x080067c8                xPortStartScheduler
 .text.vPortValidateInterruptPriority
                0x080068d0       0x58 Middlewares/Third_Party/FreeRTOS/Source/portable/GCC/ARM_CM4F/port.o
                0x080068d0                vPortValidateInterruptPriority
 .text.prvHeapInit
                0x08006928       0x4c Middlewares/Third_Party/FreeRTOS/Source/portable/MemMang/heap_4.o
 .text.prvInsertBlockIntoFreeList
                0x08006974       0x54 Middlewares/Third_Party/FreeRTOS/Source/portable/MemMang/heap_4.o
 .text.pvPortMalloc
                0x080069c8       0xf4 Middlewares/Third_Party/FreeRTOS/Source/portable/MemMang/heap_4.o
                0x080069c8                pvPortMalloc
 .text.vPortFree
                0x08006abc       0x6c Middlewares/Third_Party/FreeRTOS/Source/portable/MemMang/heap_4.o
                0x08006abc                vPortFree
 .text.SIM808_SendString
                0x08006b28       0x18 Src/SIM808Driver.o
                0x08006b28                SIM808_SendString
 .text.SIM808_SendATCommand
                0x08006b40       0xa0 Src/SIM808Driver.o
                0x08006b40                SIM808_SendATCommand
 .text.SIM808_GetAT
                0x08006be0       0x1c Src/SIM808Driver.o
                0x08006be0                SIM808_GetAT
 .text.SIM808_Init
                0x08006bfc       0x44 Src/SIM808Driver.o
                0x08006bfc                SIM808_Init
 .text.MX_GPIO_Init
                0x08006c40      0x18c Src/main.o
 .text.MX_DMA_Init
                0x08006dcc       0x34 Src/main.o
 .text.MX_I2C1_Init
                0x08006e00       0x34 Src/main.o
 .text.MX_I2S3_Init
                0x08006e34       0x34 Src/main.o
 .text.MX_SPI1_Init
                0x08006e68       0x38 Src/main.o
 .text.MX_USART2_UART_Init
                0x08006ea0       0x2c Src/main.o
 .text.StartDefaultTask
                0x08006ecc       0x14 Src/main.o
                0x08006ecc                StartDefaultTask
 .text.SystemClock_Config
                0x08006ee0       0xb0 Src/main.o
                0x08006ee0                SystemClock_Config
 .text.main     0x08006f90       0x74 Src/main.o
                0x08006f90                main
 .text.HAL_UART_TxCpltCallback
                0x08007004        0x4 Src/main.o
                0x08007004                HAL_UART_TxCpltCallback
 .text.HAL_UART_ErrorCallback
                0x08007008        0x4 Src/main.o
                0x08007008                HAL_UART_ErrorCallback
 .text.HAL_UART_RxCpltCallback
                0x0800700c       0x44 Src/main.o
                0x0800700c                HAL_UART_RxCpltCallback
 .text.HAL_TIM_PeriodElapsedCallback
                0x08007050       0x18 Src/main.o
                0x08007050                HAL_TIM_PeriodElapsedCallback
 .text.Error_Handler
                0x08007068        0x2 Src/main.o
                0x08007068                Error_Handler
 *fill*         0x0800706a        0x2 
 .text.HAL_MspInit
                0x0800706c       0x44 Src/stm32f4xx_hal_msp.o
                0x0800706c                HAL_MspInit
 .text.HAL_I2C_MspInit
                0x080070b0       0x70 Src/stm32f4xx_hal_msp.o
                0x080070b0                HAL_I2C_MspInit
 .text.HAL_I2S_MspInit
                0x08007120       0x98 Src/stm32f4xx_hal_msp.o
                0x08007120                HAL_I2S_MspInit
 .text.HAL_SPI_MspInit
                0x080071b8       0x6c Src/stm32f4xx_hal_msp.o
                0x080071b8                HAL_SPI_MspInit
 .text.HAL_UART_MspInit
                0x08007224       0xc4 Src/stm32f4xx_hal_msp.o
                0x08007224                HAL_UART_MspInit
 .text.HAL_InitTick
                0x080072e8       0x7c Src/stm32f4xx_hal_timebase_tim.o
                0x080072e8                HAL_InitTick
 .text.NMI_Handler
                0x08007364        0x2 Src/stm32f4xx_it.o
                0x08007364                NMI_Handler
 .text.HardFault_Handler
                0x08007366        0x2 Src/stm32f4xx_it.o
                0x08007366                HardFault_Handler
 .text.MemManage_Handler
                0x08007368        0x2 Src/stm32f4xx_it.o
                0x08007368                MemManage_Handler
 .text.BusFault_Handler
                0x0800736a        0x2 Src/stm32f4xx_it.o
                0x0800736a                BusFault_Handler
 .text.UsageFault_Handler
                0x0800736c        0x2 Src/stm32f4xx_it.o
                0x0800736c                UsageFault_Handler
 .text.DebugMon_Handler
                0x0800736e        0x2 Src/stm32f4xx_it.o
                0x0800736e                DebugMon_Handler
 .text.DMA1_Stream6_IRQHandler
                0x08007370       0x10 Src/stm32f4xx_it.o
                0x08007370                DMA1_Stream6_IRQHandler
 .text.USART2_IRQHandler
                0x08007380       0x10 Src/stm32f4xx_it.o
                0x08007380                USART2_IRQHandler
 .text.TIM7_IRQHandler
                0x08007390       0x10 Src/stm32f4xx_it.o
                0x08007390                TIM7_IRQHandler
 .text.OTG_FS_IRQHandler
                0x080073a0       0x10 Src/stm32f4xx_it.o
                0x080073a0                OTG_FS_IRQHandler
 .text._sbrk    0x080073b0       0x3c Src/syscalls.o
                0x080073b0                _sbrk
 .text.SystemInit
                0x080073ec       0x4c Src/system_stm32f4xx.o
                0x080073ec                SystemInit
 .text.USBH_UserProcess
                0x08007438       0x2c Src/usb_host.o
 .text.MX_USB_HOST_Init
                0x08007464       0x40 Src/usb_host.o
                0x08007464                MX_USB_HOST_Init
 .text.HAL_HCD_MspInit
                0x080074a4       0x98 Src/usbh_conf.o
                0x080074a4                HAL_HCD_MspInit
 .text.HAL_HCD_SOF_Callback
                0x0800753c        0xc Src/usbh_conf.o
                0x0800753c                HAL_HCD_SOF_Callback
 .text.HAL_HCD_Connect_Callback
                0x08007548        0xc Src/usbh_conf.o
                0x08007548                HAL_HCD_Connect_Callback
 .text.HAL_HCD_Disconnect_Callback
                0x08007554        0xc Src/usbh_conf.o
                0x08007554                HAL_HCD_Disconnect_Callback
 .text.HAL_HCD_HC_NotifyURBChange_Callback
                0x08007560        0xc Src/usbh_conf.o
                0x08007560                HAL_HCD_HC_NotifyURBChange_Callback
 .text.HAL_HCD_PortEnabled_Callback
                0x0800756c        0xc Src/usbh_conf.o
                0x0800756c                HAL_HCD_PortEnabled_Callback
 .text.HAL_HCD_PortDisabled_Callback
                0x08007578        0xc Src/usbh_conf.o
                0x08007578                HAL_HCD_PortDisabled_Callback
 .text.USBH_LL_Init
                0x08007584       0x54 Src/usbh_conf.o
                0x08007584                USBH_LL_Init
 .text.USBH_LL_GetSpeed
                0x080075d8       0x1c Src/usbh_conf.o
                0x080075d8                USBH_LL_GetSpeed
 .text.USBH_LL_GetLastXferSize
                0x080075f4        0xc Src/usbh_conf.o
                0x080075f4                USBH_LL_GetLastXferSize
 .text.USBH_LL_GetURBState
                0x08007600        0xc Src/usbh_conf.o
                0x08007600                USBH_LL_GetURBState
 .text.USBH_LL_DriverVBUS
                0x0800760c       0x1c Src/usbh_conf.o
                0x0800760c                USBH_LL_DriverVBUS
 .text.USBH_LL_SetToggle
                0x08007628       0x32 Src/usbh_conf.o
                0x08007628                USBH_LL_SetToggle
 .text.USBH_Delay
                0x0800765a        0x8 Src/usbh_conf.o
                0x0800765a                USBH_Delay
 .text.USBH_Get_USB_Status
                0x08007662       0x12 Src/usbh_conf.o
                0x08007662                USBH_Get_USB_Status
 .text.USBH_LL_Start
                0x08007674       0x10 Src/usbh_conf.o
                0x08007674                USBH_LL_Start
 .text.USBH_LL_Stop
                0x08007684       0x10 Src/usbh_conf.o
                0x08007684                USBH_LL_Stop
 .text.USBH_LL_ResetPort
                0x08007694       0x10 Src/usbh_conf.o
                0x08007694                USBH_LL_ResetPort
 .text.USBH_LL_OpenPipe
                0x080076a4       0x26 Src/usbh_conf.o
                0x080076a4                USBH_LL_OpenPipe
 .text.USBH_LL_ClosePipe
                0x080076ca       0x10 Src/usbh_conf.o
                0x080076ca                USBH_LL_ClosePipe
 .text.USBH_LL_SubmitURB
                0x080076da       0x2a Src/usbh_conf.o
                0x080076da                USBH_LL_SubmitURB
 .text.MX_DriverVbusFS
                0x08007704       0x18 Src/usbh_platform.o
                0x08007704                MX_DriverVbusFS
 .text.Reset_Handler
                0x0800771c       0x50 startup/startup_stm32f407xx.o
                0x0800771c                Reset_Handler
 .text.Default_Handler
                0x0800776c        0x2 startup/startup_stm32f407xx.o
                0x0800776c                RTC_Alarm_IRQHandler
                0x0800776c                HASH_RNG_IRQHandler
                0x0800776c                EXTI2_IRQHandler
                0x0800776c                TIM8_CC_IRQHandler
                0x0800776c                TIM1_CC_IRQHandler
                0x0800776c                DMA2_Stream5_IRQHandler
                0x0800776c                DMA1_Stream5_IRQHandler
                0x0800776c                PVD_IRQHandler
                0x0800776c                SDIO_IRQHandler
                0x0800776c                TAMP_STAMP_IRQHandler
                0x0800776c                CAN2_RX1_IRQHandler
                0x0800776c                EXTI3_IRQHandler
                0x0800776c                TIM8_TRG_COM_TIM14_IRQHandler
                0x0800776c                TIM1_UP_TIM10_IRQHandler
                0x0800776c                TIM8_UP_TIM13_IRQHandler
                0x0800776c                I2C3_ER_IRQHandler
                0x0800776c                EXTI0_IRQHandler
                0x0800776c                I2C2_EV_IRQHandler
                0x0800776c                DMA1_Stream2_IRQHandler
                0x0800776c                CAN1_RX0_IRQHandler
                0x0800776c                FPU_IRQHandler
                0x0800776c                OTG_HS_WKUP_IRQHandler
                0x0800776c                CAN2_SCE_IRQHandler
                0x0800776c                DMA2_Stream2_IRQHandler
                0x0800776c                SPI1_IRQHandler
                0x0800776c                TIM6_DAC_IRQHandler
                0x0800776c                TIM1_BRK_TIM9_IRQHandler
                0x0800776c                DCMI_IRQHandler
                0x0800776c                CAN2_RX0_IRQHandler
                0x0800776c                DMA2_Stream3_IRQHandler
                0x0800776c                USART6_IRQHandler
                0x0800776c                USART3_IRQHandler
                0x0800776c                CAN1_RX1_IRQHandler
                0x0800776c                UART5_IRQHandler
                0x0800776c                DMA2_Stream0_IRQHandler
                0x0800776c                TIM4_IRQHandler
                0x0800776c                I2C1_EV_IRQHandler
                0x0800776c                DMA1_Stream1_IRQHandler
                0x0800776c                UART4_IRQHandler
                0x0800776c                TIM3_IRQHandler
                0x0800776c                RCC_IRQHandler
                0x0800776c                TIM8_BRK_TIM12_IRQHandler
                0x0800776c                Default_Handler
                0x0800776c                EXTI15_10_IRQHandler
                0x0800776c                ADC_IRQHandler
                0x0800776c                DMA1_Stream7_IRQHandler
                0x0800776c                CAN2_TX_IRQHandler
                0x0800776c                TIM5_IRQHandler
                0x0800776c                DMA2_Stream7_IRQHandler
                0x0800776c                I2C3_EV_IRQHandler
                0x0800776c                EXTI9_5_IRQHandler
                0x0800776c                RTC_WKUP_IRQHandler
                0x0800776c                ETH_WKUP_IRQHandler
                0x0800776c                SPI2_IRQHandler
                0x0800776c                OTG_HS_EP1_IN_IRQHandler
                0x0800776c                DMA1_Stream0_IRQHandler
                0x0800776c                CAN1_TX_IRQHandler
                0x0800776c                EXTI4_IRQHandler
                0x0800776c                FSMC_IRQHandler
                0x0800776c                ETH_IRQHandler
                0x0800776c                OTG_HS_EP1_OUT_IRQHandler
                0x0800776c                WWDG_IRQHandler
                0x0800776c                TIM2_IRQHandler
                0x0800776c                OTG_FS_WKUP_IRQHandler
                0x0800776c                TIM1_TRG_COM_TIM11_IRQHandler
                0x0800776c                OTG_HS_IRQHandler
                0x0800776c                EXTI1_IRQHandler
                0x0800776c                I2C2_ER_IRQHandler
                0x0800776c                DMA2_Stream1_IRQHandler
                0x0800776c                CAN1_SCE_IRQHandler
                0x0800776c                FLASH_IRQHandler
                0x0800776c                DMA2_Stream4_IRQHandler
                0x0800776c                USART1_IRQHandler
                0x0800776c                SPI3_IRQHandler
                0x0800776c                DMA1_Stream4_IRQHandler
                0x0800776c                I2C1_ER_IRQHandler
                0x0800776c                DMA2_Stream6_IRQHandler
                0x0800776c                DMA1_Stream3_IRQHandler
 *fill*         0x0800776e        0x2 
 .text.__errno  0x08007770        0xc c:/systemworkbench/plugins/fr.ac6.mcu.externaltools.arm-none.win32_1.17.0.201812190825/tools/compiler/bin/../lib/gcc/arm-none-eabi/7.3.1/../../../../arm-none-eabi/lib/thumb/v7e-m/fpv4-sp/hard\libc_nano.a(lib_a-errno.o)
                0x08007770                __errno
 .text.__libc_init_array
                0x0800777c       0x48 c:/systemworkbench/plugins/fr.ac6.mcu.externaltools.arm-none.win32_1.17.0.201812190825/tools/compiler/bin/../lib/gcc/arm-none-eabi/7.3.1/../../../../arm-none-eabi/lib/thumb/v7e-m/fpv4-sp/hard\libc_nano.a(lib_a-init.o)
                0x0800777c                __libc_init_array
 .text.malloc   0x080077c4       0x10 c:/systemworkbench/plugins/fr.ac6.mcu.externaltools.arm-none.win32_1.17.0.201812190825/tools/compiler/bin/../lib/gcc/arm-none-eabi/7.3.1/../../../../arm-none-eabi/lib/thumb/v7e-m/fpv4-sp/hard\libc_nano.a(lib_a-malloc.o)
                0x080077c4                malloc
 .text.free     0x080077d4       0x10 c:/systemworkbench/plugins/fr.ac6.mcu.externaltools.arm-none.win32_1.17.0.201812190825/tools/compiler/bin/../lib/gcc/arm-none-eabi/7.3.1/../../../../arm-none-eabi/lib/thumb/v7e-m/fpv4-sp/hard\libc_nano.a(lib_a-malloc.o)
                0x080077d4                free
 .text.memcpy   0x080077e4       0x16 c:/systemworkbench/plugins/fr.ac6.mcu.externaltools.arm-none.win32_1.17.0.201812190825/tools/compiler/bin/../lib/gcc/arm-none-eabi/7.3.1/../../../../arm-none-eabi/lib/thumb/v7e-m/fpv4-sp/hard\libc_nano.a(lib_a-memcpy-stub.o)
                0x080077e4                memcpy
 .text.memset   0x080077fa       0x10 c:/systemworkbench/plugins/fr.ac6.mcu.externaltools.arm-none.win32_1.17.0.201812190825/tools/compiler/bin/../lib/gcc/arm-none-eabi/7.3.1/../../../../arm-none-eabi/lib/thumb/v7e-m/fpv4-sp/hard\libc_nano.a(lib_a-memset.o)
                0x080077fa                memset
 *fill*         0x0800780a        0x2 
 .text._free_r  0x0800780c       0x9c c:/systemworkbench/plugins/fr.ac6.mcu.externaltools.arm-none.win32_1.17.0.201812190825/tools/compiler/bin/../lib/gcc/arm-none-eabi/7.3.1/../../../../arm-none-eabi/lib/thumb/v7e-m/fpv4-sp/hard\libc_nano.a(lib_a-nano-freer.o)
                0x0800780c                _free_r
 .text._malloc_r
                0x080078a8       0xb4 c:/systemworkbench/plugins/fr.ac6.mcu.externaltools.arm-none.win32_1.17.0.201812190825/tools/compiler/bin/../lib/gcc/arm-none-eabi/7.3.1/../../../../arm-none-eabi/lib/thumb/v7e-m/fpv4-sp/hard\libc_nano.a(lib_a-nano-mallocr.o)
                0x080078a8                _malloc_r
 .text._sbrk_r  0x0800795c       0x20 c:/systemworkbench/plugins/fr.ac6.mcu.externaltools.arm-none.win32_1.17.0.201812190825/tools/compiler/bin/../lib/gcc/arm-none-eabi/7.3.1/../../../../arm-none-eabi/lib/thumb/v7e-m/fpv4-sp/hard\libc_nano.a(lib_a-sbrkr.o)
                0x0800795c                _sbrk_r
 .text.__malloc_lock
                0x0800797c        0x2 c:/systemworkbench/plugins/fr.ac6.mcu.externaltools.arm-none.win32_1.17.0.201812190825/tools/compiler/bin/../lib/gcc/arm-none-eabi/7.3.1/../../../../arm-none-eabi/lib/thumb/v7e-m/fpv4-sp/hard\libc_nano.a(lib_a-mlock.o)
                0x0800797c                __malloc_lock
 .text.__malloc_unlock
                0x0800797e        0x2 c:/systemworkbench/plugins/fr.ac6.mcu.externaltools.arm-none.win32_1.17.0.201812190825/tools/compiler/bin/../lib/gcc/arm-none-eabi/7.3.1/../../../../arm-none-eabi/lib/thumb/v7e-m/fpv4-sp/hard\libc_nano.a(lib_a-mlock.o)
                0x0800797e                __malloc_unlock
 *(.glue_7)
 .glue_7        0x08007980        0x0 linker stubs
 *(.glue_7t)
 .glue_7t       0x08007980        0x0 linker stubs
 *(.eh_frame)
 .eh_frame      0x08007980        0x0 c:/systemworkbench/plugins/fr.ac6.mcu.externaltools.arm-none.win32_1.17.0.201812190825/tools/compiler/bin/../lib/gcc/arm-none-eabi/7.3.1/thumb/v7e-m/fpv4-sp/hard/crtbegin.o
 *(.init)
 .init          0x08007980        0x4 c:/systemworkbench/plugins/fr.ac6.mcu.externaltools.arm-none.win32_1.17.0.201812190825/tools/compiler/bin/../lib/gcc/arm-none-eabi/7.3.1/thumb/v7e-m/fpv4-sp/hard/crti.o
                0x08007980                _init
 .init          0x08007984        0x8 c:/systemworkbench/plugins/fr.ac6.mcu.externaltools.arm-none.win32_1.17.0.201812190825/tools/compiler/bin/../lib/gcc/arm-none-eabi/7.3.1/thumb/v7e-m/fpv4-sp/hard/crtn.o
 *(.fini)
 .fini          0x0800798c        0x4 c:/systemworkbench/plugins/fr.ac6.mcu.externaltools.arm-none.win32_1.17.0.201812190825/tools/compiler/bin/../lib/gcc/arm-none-eabi/7.3.1/thumb/v7e-m/fpv4-sp/hard/crti.o
                0x0800798c                _fini
 .fini          0x08007990        0x8 c:/systemworkbench/plugins/fr.ac6.mcu.externaltools.arm-none.win32_1.17.0.201812190825/tools/compiler/bin/../lib/gcc/arm-none-eabi/7.3.1/thumb/v7e-m/fpv4-sp/hard/crtn.o
                0x08007998                . = ALIGN (0x4)
                0x08007998                _etext = .

.vfp11_veneer   0x08007998        0x0
 .vfp11_veneer  0x08007998        0x0 linker stubs

.v4_bx          0x08007998        0x0
 .v4_bx         0x08007998        0x0 linker stubs

.iplt           0x08007998        0x0
 .iplt          0x08007998        0x0 c:/systemworkbench/plugins/fr.ac6.mcu.externaltools.arm-none.win32_1.17.0.201812190825/tools/compiler/bin/../lib/gcc/arm-none-eabi/7.3.1/thumb/v7e-m/fpv4-sp/hard/crtbegin.o

.rodata         0x08007998       0xd0
                0x08007998                . = ALIGN (0x4)
 *(.rodata)
 .rodata        0x08007998        0x8 Drivers/STM32F4xx_HAL_Driver/Src/stm32f4xx_hal_dma.o
 .rodata        0x080079a0       0x18 Src/system_stm32f4xx.o
                0x080079a0                AHBPrescTable
                0x080079b0                APBPrescTable
 *(.rodata*)
 .rodata.str1.4
                0x080079b8        0x4 Middlewares/ST/STM32_USB_Host_Library/Class/CDC/Src/usbh_cdc.o
 .rodata.str1.4
                0x080079bc        0xb Middlewares/ST/STM32_USB_Host_Library/Core/Src/usbh_core.o
 *fill*         0x080079c7        0x1 
 .rodata.str1.4
                0x080079c8        0x5 Middlewares/Third_Party/FreeRTOS/Source/tasks.o
 *fill*         0x080079cd        0x3 
 .rodata.str1.4
                0x080079d0       0x10 Middlewares/Third_Party/FreeRTOS/Source/timers.o
 .rodata.str1.4
                0x080079e0       0x7b Src/SIM808Driver.o
 *fill*         0x08007a5b        0x1 
 .rodata.str1.4
                0x08007a5c        0xc Src/main.o
                                  0xa (size before relaxing)
                0x08007a68                . = ALIGN (0x4)

.ARM.extab
 *(.ARM.extab* .gnu.linkonce.armextab.*)

.ARM            0x08007a68        0x8
                0x08007a68                __exidx_start = .
 *(.ARM.exidx*)
 .ARM.exidx     0x08007a68        0x8 c:/systemworkbench/plugins/fr.ac6.mcu.externaltools.arm-none.win32_1.17.0.201812190825/tools/compiler/bin/../lib/gcc/arm-none-eabi/7.3.1/thumb/v7e-m/fpv4-sp/hard\libgcc.a(_udivmoddi4.o)
                0x08007a70                __exidx_end = .

.rel.dyn        0x08007a70        0x0
 .rel.iplt      0x08007a70        0x0 c:/systemworkbench/plugins/fr.ac6.mcu.externaltools.arm-none.win32_1.17.0.201812190825/tools/compiler/bin/../lib/gcc/arm-none-eabi/7.3.1/thumb/v7e-m/fpv4-sp/hard/crtbegin.o

.preinit_array  0x08007a70        0x0
                0x08007a70                PROVIDE (__preinit_array_start = .)
 *(.preinit_array*)
                0x08007a70                PROVIDE (__preinit_array_end = .)

.init_array     0x08007a70        0x4
                0x08007a70                PROVIDE (__init_array_start = .)
 *(SORT_BY_NAME(.init_array.*))
 *(.init_array*)
 .init_array    0x08007a70        0x4 c:/systemworkbench/plugins/fr.ac6.mcu.externaltools.arm-none.win32_1.17.0.201812190825/tools/compiler/bin/../lib/gcc/arm-none-eabi/7.3.1/thumb/v7e-m/fpv4-sp/hard/crtbegin.o
                0x08007a74                PROVIDE (__init_array_end = .)

.fini_array     0x08007a74        0x4
                [!provide]                PROVIDE (__fini_array_start = .)
 *(SORT_BY_NAME(.fini_array.*))
 *(.fini_array*)
 .fini_array    0x08007a74        0x4 c:/systemworkbench/plugins/fr.ac6.mcu.externaltools.arm-none.win32_1.17.0.201812190825/tools/compiler/bin/../lib/gcc/arm-none-eabi/7.3.1/thumb/v7e-m/fpv4-sp/hard/crtbegin.o
                [!provide]                PROVIDE (__fini_array_end = .)
                0x08007a78                _sidata = LOADADDR (.data)

.data           0x20000000       0x94 load address 0x08007a78
                0x20000000                . = ALIGN (0x4)
                0x20000000                _sdata = .
 *(.data)
 .data          0x20000000        0x8 Drivers/STM32F4xx_HAL_Driver/Src/stm32f4xx_hal.o
                0x20000000                uwTickFreq
                0x20000004                uwTickPrio
 .data          0x20000008       0x20 Middlewares/ST/STM32_USB_Host_Library/Class/CDC/Src/usbh_cdc.o
                0x20000008                CDC_Class
 .data          0x20000028        0x4 Middlewares/Third_Party/FreeRTOS/Source/portable/GCC/ARM_CM4F/port.o
 .data          0x2000002c        0x4 Src/system_stm32f4xx.o
                0x2000002c                SystemCoreClock
 *(.data*)
 .data._impure_ptr
                0x20000030        0x4 c:/systemworkbench/plugins/fr.ac6.mcu.externaltools.arm-none.win32_1.17.0.201812190825/tools/compiler/bin/../lib/gcc/arm-none-eabi/7.3.1/../../../../arm-none-eabi/lib/thumb/v7e-m/fpv4-sp/hard\libc_nano.a(lib_a-impure.o)
                0x20000030                _impure_ptr
 .data.impure_data
                0x20000034       0x60 c:/systemworkbench/plugins/fr.ac6.mcu.externaltools.arm-none.win32_1.17.0.201812190825/tools/compiler/bin/../lib/gcc/arm-none-eabi/7.3.1/../../../../arm-none-eabi/lib/thumb/v7e-m/fpv4-sp/hard\libc_nano.a(lib_a-impure.o)
                0x20000094                . = ALIGN (0x4)
                0x20000094                _edata = .
                0x08007b0c                _siccmram = LOADADDR (.ccmram)

.igot.plt       0x20000094        0x0 load address 0x08007b0c
 .igot.plt      0x20000094        0x0 c:/systemworkbench/plugins/fr.ac6.mcu.externaltools.arm-none.win32_1.17.0.201812190825/tools/compiler/bin/../lib/gcc/arm-none-eabi/7.3.1/thumb/v7e-m/fpv4-sp/hard/crtbegin.o

.ccmram         0x10000000        0x0 load address 0x08007b0c
                0x10000000                . = ALIGN (0x4)
                0x10000000                _sccmram = .
 *(.ccmram)
 *(.ccmram*)
                0x10000000                . = ALIGN (0x4)
                0x10000000                _eccmram = .
                0x10000000                . = ALIGN (0x4)

.bss            0x20000094     0x53e8
                0x20000094                _sbss = .
                0x20000094                __bss_start__ = _sbss
 *(.bss)
 .bss           0x20000094       0x1c c:/systemworkbench/plugins/fr.ac6.mcu.externaltools.arm-none.win32_1.17.0.201812190825/tools/compiler/bin/../lib/gcc/arm-none-eabi/7.3.1/thumb/v7e-m/fpv4-sp/hard/crtbegin.o
 .bss           0x200000b0        0x4 Drivers/STM32F4xx_HAL_Driver/Src/stm32f4xx_ll_usb.o
 .bss           0x200000b4      0x6ac Middlewares/Third_Party/FreeRTOS/Source/CMSIS_RTOS_V2/cmsis_os2.o
 .bss           0x20000760      0x4fc Middlewares/Third_Party/FreeRTOS/Source/tasks.o
                0x20000c34                pxCurrentTCB
 .bss           0x20000c5c       0xfc Middlewares/Third_Party/FreeRTOS/Source/timers.o
 .bss           0x20000d58        0x8 Middlewares/Third_Party/FreeRTOS/Source/portable/GCC/ARM_CM4F/port.o
 .bss           0x20000d60     0x3c18 Middlewares/Third_Party/FreeRTOS/Source/portable/MemMang/heap_4.o
 .bss           0x20004978      0x205 Src/SIM808Driver.o
                0x20004978                SIM808_rx_head
                0x2000497c                SIM808_rx_buf
                0x20004b7c                SIM808_flag_rx_irq
 *fill*         0x20004b7d        0x3 
 .bss           0x20004b80        0x8 Src/syscalls.o
                0x20004b84                __env
 .bss           0x20004b88        0x1 Src/usb_host.o
                0x20004b88                Appli_state
 *(.bss*)
 *fill*         0x20004b89        0x3 
 .bss.__malloc_free_list
                0x20004b8c        0x4 c:/systemworkbench/plugins/fr.ac6.mcu.externaltools.arm-none.win32_1.17.0.201812190825/tools/compiler/bin/../lib/gcc/arm-none-eabi/7.3.1/../../../../arm-none-eabi/lib/thumb/v7e-m/fpv4-sp/hard\libc_nano.a(lib_a-nano-mallocr.o)
                0x20004b8c                __malloc_free_list
 .bss.__malloc_sbrk_start
                0x20004b90        0x4 c:/systemworkbench/plugins/fr.ac6.mcu.externaltools.arm-none.win32_1.17.0.201812190825/tools/compiler/bin/../lib/gcc/arm-none-eabi/7.3.1/../../../../arm-none-eabi/lib/thumb/v7e-m/fpv4-sp/hard\libc_nano.a(lib_a-nano-mallocr.o)
                0x20004b90                __malloc_sbrk_start
 *(COMMON)
 COMMON         0x20004b94        0x4 Drivers/STM32F4xx_HAL_Driver/Src/stm32f4xx_hal.o
                0x20004b94                uwTick
 COMMON         0x20004b98       0x24 Middlewares/ST/STM32_USB_Host_Library/Core/Src/usbh_core.o
                0x20004b98                USBH_Thread_Atrr
 COMMON         0x20004bbc       0x40 Middlewares/Third_Party/FreeRTOS/Source/queue.o
                0x20004bbc                xQueueRegistry
 COMMON         0x20004bfc        0x5 Src/SIM808Driver.o
                0x20004bfc                SIM808_rx_byte
                0x20004c00                SIM808Handle
 *fill*         0x20004c01        0x3 
 COMMON         0x20004c04      0x198 Src/main.o
                0x20004c04                hi2c1
                0x20004c58                startTaskHandle
                0x20004c5c                hdma_usart2_tx
                0x20004cbc                hspi1
                0x20004d14                huart2
                0x20004d54                hi2s3
 COMMON         0x20004d9c       0x40 Src/stm32f4xx_hal_timebase_tim.o
                0x20004d9c                htim7
 COMMON         0x20004ddc      0x3d8 Src/usb_host.o
                0x20004ddc                hUsbHostFS
 COMMON         0x200051b4      0x2c4 Src/usbh_conf.o
                0x200051b4                hhcd_USB_OTG_FS
 COMMON         0x20005478        0x4 c:/systemworkbench/plugins/fr.ac6.mcu.externaltools.arm-none.win32_1.17.0.201812190825/tools/compiler/bin/../lib/gcc/arm-none-eabi/7.3.1/../../../../arm-none-eabi/lib/thumb/v7e-m/fpv4-sp/hard\libc_nano.a(lib_a-reent.o)
                0x20005478                errno
                0x2000547c                . = ALIGN (0x4)
                0x2000547c                _ebss = .
                0x2000547c                __bss_end__ = _ebss

._user_heap_stack
                0x2000547c      0x604
                0x20005480                . = ALIGN (0x8)
 *fill*         0x2000547c        0x4 
                0x20005480                PROVIDE (end = .)
                [!provide]                PROVIDE (_end = .)
                0x20005680                . = (. + _Min_Heap_Size)
 *fill*         0x20005480      0x200 
                0x20005a80                . = (. + _Min_Stack_Size)
 *fill*         0x20005680      0x400 
                0x20005a80                . = ALIGN (0x8)

/DISCARD/
 libc.a(*)
 libm.a(*)
 libgcc.a(*)

.ARM.attributes
                0x00000000       0x30
 *(.ARM.attributes)
 .ARM.attributes
                0x00000000       0x22 c:/systemworkbench/plugins/fr.ac6.mcu.externaltools.arm-none.win32_1.17.0.201812190825/tools/compiler/bin/../lib/gcc/arm-none-eabi/7.3.1/thumb/v7e-m/fpv4-sp/hard/crti.o
 .ARM.attributes
                0x00000022       0x34 c:/systemworkbench/plugins/fr.ac6.mcu.externaltools.arm-none.win32_1.17.0.201812190825/tools/compiler/bin/../lib/gcc/arm-none-eabi/7.3.1/thumb/v7e-m/fpv4-sp/hard/crtbegin.o
 .ARM.attributes
                0x00000056       0x39 Drivers/STM32F4xx_HAL_Driver/Src/stm32f4xx_hal.o
 .ARM.attributes
                0x0000008f       0x39 Drivers/STM32F4xx_HAL_Driver/Src/stm32f4xx_hal_cortex.o
 .ARM.attributes
                0x000000c8       0x39 Drivers/STM32F4xx_HAL_Driver/Src/stm32f4xx_hal_dma.o
 .ARM.attributes
                0x00000101       0x39 Drivers/STM32F4xx_HAL_Driver/Src/stm32f4xx_hal_gpio.o
 .ARM.attributes
                0x0000013a       0x39 Drivers/STM32F4xx_HAL_Driver/Src/stm32f4xx_hal_hcd.o
 .ARM.attributes
                0x00000173       0x39 Drivers/STM32F4xx_HAL_Driver/Src/stm32f4xx_hal_i2c.o
 .ARM.attributes
                0x000001ac       0x39 Drivers/STM32F4xx_HAL_Driver/Src/stm32f4xx_hal_i2s.o
 .ARM.attributes
                0x000001e5       0x39 Drivers/STM32F4xx_HAL_Driver/Src/stm32f4xx_hal_i2s_ex.o
 .ARM.attributes
                0x0000021e       0x39 Drivers/STM32F4xx_HAL_Driver/Src/stm32f4xx_hal_rcc.o
 .ARM.attributes
                0x00000257       0x39 Drivers/STM32F4xx_HAL_Driver/Src/stm32f4xx_hal_rcc_ex.o
 .ARM.attributes
                0x00000290       0x39 Drivers/STM32F4xx_HAL_Driver/Src/stm32f4xx_hal_spi.o
 .ARM.attributes
                0x000002c9       0x39 Drivers/STM32F4xx_HAL_Driver/Src/stm32f4xx_hal_tim.o
 .ARM.attributes
                0x00000302       0x39 Drivers/STM32F4xx_HAL_Driver/Src/stm32f4xx_hal_tim_ex.o
 .ARM.attributes
                0x0000033b       0x39 Drivers/STM32F4xx_HAL_Driver/Src/stm32f4xx_hal_uart.o
 .ARM.attributes
                0x00000374       0x39 Drivers/STM32F4xx_HAL_Driver/Src/stm32f4xx_ll_usb.o
 .ARM.attributes
                0x000003ad       0x39 Middlewares/ST/STM32_USB_Host_Library/Class/CDC/Src/usbh_cdc.o
 .ARM.attributes
                0x000003e6       0x39 Middlewares/ST/STM32_USB_Host_Library/Core/Src/usbh_core.o
 .ARM.attributes
                0x0000041f       0x39 Middlewares/ST/STM32_USB_Host_Library/Core/Src/usbh_ctlreq.o
 .ARM.attributes
                0x00000458       0x39 Middlewares/ST/STM32_USB_Host_Library/Core/Src/usbh_ioreq.o
 .ARM.attributes
                0x00000491       0x39 Middlewares/ST/STM32_USB_Host_Library/Core/Src/usbh_pipes.o
 .ARM.attributes
                0x000004ca       0x39 Middlewares/Third_Party/FreeRTOS/Source/CMSIS_RTOS_V2/cmsis_os2.o
 .ARM.attributes
                0x00000503       0x39 Middlewares/Third_Party/FreeRTOS/Source/list.o
 .ARM.attributes
                0x0000053c       0x39 Middlewares/Third_Party/FreeRTOS/Source/queue.o
 .ARM.attributes
                0x00000575       0x39 Middlewares/Third_Party/FreeRTOS/Source/tasks.o
 .ARM.attributes
                0x000005ae       0x39 Middlewares/Third_Party/FreeRTOS/Source/timers.o
 .ARM.attributes
                0x000005e7       0x39 Middlewares/Third_Party/FreeRTOS/Source/portable/GCC/ARM_CM4F/port.o
 .ARM.attributes
                0x00000620       0x39 Middlewares/Third_Party/FreeRTOS/Source/portable/MemMang/heap_4.o
 .ARM.attributes
                0x00000659       0x39 Src/SIM808Driver.o
 .ARM.attributes
                0x00000692       0x39 Src/main.o
 .ARM.attributes
                0x000006cb       0x39 Src/stm32f4xx_hal_msp.o
 .ARM.attributes
                0x00000704       0x39 Src/stm32f4xx_hal_timebase_tim.o
 .ARM.attributes
                0x0000073d       0x39 Src/stm32f4xx_it.o
 .ARM.attributes
                0x00000776       0x39 Src/syscalls.o
 .ARM.attributes
                0x000007af       0x39 Src/system_stm32f4xx.o
 .ARM.attributes
                0x000007e8       0x39 Src/usb_host.o
 .ARM.attributes
                0x00000821       0x39 Src/usbh_conf.o
 .ARM.attributes
                0x0000085a       0x39 Src/usbh_platform.o
 .ARM.attributes
                0x00000893       0x21 startup/startup_stm32f407xx.o
 .ARM.attributes
                0x000008b4       0x22 c:/systemworkbench/plugins/fr.ac6.mcu.externaltools.arm-none.win32_1.17.0.201812190825/tools/compiler/bin/../lib/gcc/arm-none-eabi/7.3.1/thumb/v7e-m/fpv4-sp/hard\libgcc.a(_aeabi_uldivmod.o)
 .ARM.attributes
                0x000008d6       0x34 c:/systemworkbench/plugins/fr.ac6.mcu.externaltools.arm-none.win32_1.17.0.201812190825/tools/compiler/bin/../lib/gcc/arm-none-eabi/7.3.1/thumb/v7e-m/fpv4-sp/hard\libgcc.a(_udivmoddi4.o)
 .ARM.attributes
                0x0000090a       0x22 c:/systemworkbench/plugins/fr.ac6.mcu.externaltools.arm-none.win32_1.17.0.201812190825/tools/compiler/bin/../lib/gcc/arm-none-eabi/7.3.1/thumb/v7e-m/fpv4-sp/hard\libgcc.a(_dvmd_tls.o)
 .ARM.attributes
                0x0000092c       0x34 c:/systemworkbench/plugins/fr.ac6.mcu.externaltools.arm-none.win32_1.17.0.201812190825/tools/compiler/bin/../lib/gcc/arm-none-eabi/7.3.1/../../../../arm-none-eabi/lib/thumb/v7e-m/fpv4-sp/hard\libc_nano.a(lib_a-errno.o)
 .ARM.attributes
                0x00000960       0x34 c:/systemworkbench/plugins/fr.ac6.mcu.externaltools.arm-none.win32_1.17.0.201812190825/tools/compiler/bin/../lib/gcc/arm-none-eabi/7.3.1/../../../../arm-none-eabi/lib/thumb/v7e-m/fpv4-sp/hard\libc_nano.a(lib_a-impure.o)
 .ARM.attributes
                0x00000994       0x34 c:/systemworkbench/plugins/fr.ac6.mcu.externaltools.arm-none.win32_1.17.0.201812190825/tools/compiler/bin/../lib/gcc/arm-none-eabi/7.3.1/../../../../arm-none-eabi/lib/thumb/v7e-m/fpv4-sp/hard\libc_nano.a(lib_a-init.o)
 .ARM.attributes
                0x000009c8       0x34 c:/systemworkbench/plugins/fr.ac6.mcu.externaltools.arm-none.win32_1.17.0.201812190825/tools/compiler/bin/../lib/gcc/arm-none-eabi/7.3.1/../../../../arm-none-eabi/lib/thumb/v7e-m/fpv4-sp/hard\libc_nano.a(lib_a-malloc.o)
 .ARM.attributes
                0x000009fc       0x34 c:/systemworkbench/plugins/fr.ac6.mcu.externaltools.arm-none.win32_1.17.0.201812190825/tools/compiler/bin/../lib/gcc/arm-none-eabi/7.3.1/../../../../arm-none-eabi/lib/thumb/v7e-m/fpv4-sp/hard\libc_nano.a(lib_a-memcpy-stub.o)
 .ARM.attributes
                0x00000a30       0x34 c:/systemworkbench/plugins/fr.ac6.mcu.externaltools.arm-none.win32_1.17.0.201812190825/tools/compiler/bin/../lib/gcc/arm-none-eabi/7.3.1/../../../../arm-none-eabi/lib/thumb/v7e-m/fpv4-sp/hard\libc_nano.a(lib_a-memset.o)
 .ARM.attributes
                0x00000a64       0x34 c:/systemworkbench/plugins/fr.ac6.mcu.externaltools.arm-none.win32_1.17.0.201812190825/tools/compiler/bin/../lib/gcc/arm-none-eabi/7.3.1/../../../../arm-none-eabi/lib/thumb/v7e-m/fpv4-sp/hard\libc_nano.a(lib_a-nano-freer.o)
 .ARM.attributes
                0x00000a98       0x34 c:/systemworkbench/plugins/fr.ac6.mcu.externaltools.arm-none.win32_1.17.0.201812190825/tools/compiler/bin/../lib/gcc/arm-none-eabi/7.3.1/../../../../arm-none-eabi/lib/thumb/v7e-m/fpv4-sp/hard\libc_nano.a(lib_a-nano-mallocr.o)
 .ARM.attributes
                0x00000acc       0x34 c:/systemworkbench/plugins/fr.ac6.mcu.externaltools.arm-none.win32_1.17.0.201812190825/tools/compiler/bin/../lib/gcc/arm-none-eabi/7.3.1/../../../../arm-none-eabi/lib/thumb/v7e-m/fpv4-sp/hard\libc_nano.a(lib_a-sbrkr.o)
 .ARM.attributes
                0x00000b00       0x1b c:/systemworkbench/plugins/fr.ac6.mcu.externaltools.arm-none.win32_1.17.0.201812190825/tools/compiler/bin/../lib/gcc/arm-none-eabi/7.3.1/../../../../arm-none-eabi/lib/thumb/v7e-m/fpv4-sp/hard\libc_nano.a(lib_a-strlen.o)
 .ARM.attributes
                0x00000b1b       0x34 c:/systemworkbench/plugins/fr.ac6.mcu.externaltools.arm-none.win32_1.17.0.201812190825/tools/compiler/bin/../lib/gcc/arm-none-eabi/7.3.1/../../../../arm-none-eabi/lib/thumb/v7e-m/fpv4-sp/hard\libc_nano.a(lib_a-mlock.o)
 .ARM.attributes
                0x00000b4f       0x34 c:/systemworkbench/plugins/fr.ac6.mcu.externaltools.arm-none.win32_1.17.0.201812190825/tools/compiler/bin/../lib/gcc/arm-none-eabi/7.3.1/../../../../arm-none-eabi/lib/thumb/v7e-m/fpv4-sp/hard\libc_nano.a(lib_a-reent.o)
 .ARM.attributes
                0x00000b83       0x22 c:/systemworkbench/plugins/fr.ac6.mcu.externaltools.arm-none.win32_1.17.0.201812190825/tools/compiler/bin/../lib/gcc/arm-none-eabi/7.3.1/thumb/v7e-m/fpv4-sp/hard/crtn.o
OUTPUT(PPIUS_Project_Measuring_speed_with_HAL_sensor.elf elf32-littlearm)

.debug_info     0x00000000    0x35043
 .debug_info    0x00000000      0x9cc Drivers/STM32F4xx_HAL_Driver/Src/stm32f4xx_hal.o
 .debug_info    0x000009cc      0xf3a Drivers/STM32F4xx_HAL_Driver/Src/stm32f4xx_hal_cortex.o
 .debug_info    0x00001906      0xa5b Drivers/STM32F4xx_HAL_Driver/Src/stm32f4xx_hal_dma.o
 .debug_info    0x00002361      0x770 Drivers/STM32F4xx_HAL_Driver/Src/stm32f4xx_hal_gpio.o
 .debug_info    0x00002ad1     0x1276 Drivers/STM32F4xx_HAL_Driver/Src/stm32f4xx_hal_hcd.o
 .debug_info    0x00003d47     0x327d Drivers/STM32F4xx_HAL_Driver/Src/stm32f4xx_hal_i2c.o
 .debug_info    0x00006fc4      0xf8d Drivers/STM32F4xx_HAL_Driver/Src/stm32f4xx_hal_i2s.o
 .debug_info    0x00007f51      0xd99 Drivers/STM32F4xx_HAL_Driver/Src/stm32f4xx_hal_i2s_ex.o
 .debug_info    0x00008cea      0xa39 Drivers/STM32F4xx_HAL_Driver/Src/stm32f4xx_hal_rcc.o
 .debug_info    0x00009723      0x669 Drivers/STM32F4xx_HAL_Driver/Src/stm32f4xx_hal_rcc_ex.o
 .debug_info    0x00009d8c     0x1ba9 Drivers/STM32F4xx_HAL_Driver/Src/stm32f4xx_hal_spi.o
 .debug_info    0x0000b935     0x3188 Drivers/STM32F4xx_HAL_Driver/Src/stm32f4xx_hal_tim.o
 .debug_info    0x0000eabd     0x1497 Drivers/STM32F4xx_HAL_Driver/Src/stm32f4xx_hal_tim_ex.o
 .debug_info    0x0000ff54     0x1730 Drivers/STM32F4xx_HAL_Driver/Src/stm32f4xx_hal_uart.o
 .debug_info    0x00011684     0x1b1d Drivers/STM32F4xx_HAL_Driver/Src/stm32f4xx_ll_usb.o
 .debug_info    0x000131a1     0x1f93 Middlewares/ST/STM32_USB_Host_Library/Class/CDC/Src/usbh_cdc.o
 .debug_info    0x00015134     0x2114 Middlewares/ST/STM32_USB_Host_Library/Core/Src/usbh_core.o
 .debug_info    0x00017248     0x1cab Middlewares/ST/STM32_USB_Host_Library/Core/Src/usbh_ctlreq.o
 .debug_info    0x00018ef3     0x16b7 Middlewares/ST/STM32_USB_Host_Library/Core/Src/usbh_ioreq.o
 .debug_info    0x0001a5aa     0x135f Middlewares/ST/STM32_USB_Host_Library/Core/Src/usbh_pipes.o
 .debug_info    0x0001b909     0x4b07 Middlewares/Third_Party/FreeRTOS/Source/CMSIS_RTOS_V2/cmsis_os2.o
 .debug_info    0x00020410      0xad2 Middlewares/Third_Party/FreeRTOS/Source/list.o
 .debug_info    0x00020ee2     0x2b01 Middlewares/Third_Party/FreeRTOS/Source/queue.o
 .debug_info    0x000239e3     0x2d6d Middlewares/Third_Party/FreeRTOS/Source/tasks.o
 .debug_info    0x00026750     0x1cfd Middlewares/Third_Party/FreeRTOS/Source/timers.o
 .debug_info    0x0002844d      0x56f Middlewares/Third_Party/FreeRTOS/Source/portable/GCC/ARM_CM4F/port.o
 .debug_info    0x000289bc      0xc71 Middlewares/Third_Party/FreeRTOS/Source/portable/MemMang/heap_4.o
 .debug_info    0x0002962d     0x1487 Src/SIM808Driver.o
 .debug_info    0x0002aab4     0x2726 Src/main.o
 .debug_info    0x0002d1da     0x15af Src/stm32f4xx_hal_msp.o
 .debug_info    0x0002e789      0xbaf Src/stm32f4xx_hal_timebase_tim.o
 .debug_info    0x0002f338      0xd95 Src/stm32f4xx_it.o
 .debug_info    0x000300cd      0xfd3 Src/syscalls.o
 .debug_info    0x000310a0      0x507 Src/system_stm32f4xx.o
 .debug_info    0x000315a7     0x12cd Src/usb_host.o
 .debug_info    0x00032874     0x255c Src/usbh_conf.o
 .debug_info    0x00034dd0      0x251 Src/usbh_platform.o
 .debug_info    0x00035021       0x22 startup/startup_stm32f407xx.o

.debug_abbrev   0x00000000     0x604f
 .debug_abbrev  0x00000000      0x1f1 Drivers/STM32F4xx_HAL_Driver/Src/stm32f4xx_hal.o
 .debug_abbrev  0x000001f1      0x328 Drivers/STM32F4xx_HAL_Driver/Src/stm32f4xx_hal_cortex.o
 .debug_abbrev  0x00000519      0x290 Drivers/STM32F4xx_HAL_Driver/Src/stm32f4xx_hal_dma.o
 .debug_abbrev  0x000007a9      0x1e7 Drivers/STM32F4xx_HAL_Driver/Src/stm32f4xx_hal_gpio.o
 .debug_abbrev  0x00000990      0x27f Drivers/STM32F4xx_HAL_Driver/Src/stm32f4xx_hal_hcd.o
 .debug_abbrev  0x00000c0f      0x284 Drivers/STM32F4xx_HAL_Driver/Src/stm32f4xx_hal_i2c.o
 .debug_abbrev  0x00000e93      0x23a Drivers/STM32F4xx_HAL_Driver/Src/stm32f4xx_hal_i2s.o
 .debug_abbrev  0x000010cd      0x281 Drivers/STM32F4xx_HAL_Driver/Src/stm32f4xx_hal_i2s_ex.o
 .debug_abbrev  0x0000134e      0x273 Drivers/STM32F4xx_HAL_Driver/Src/stm32f4xx_hal_rcc.o
 .debug_abbrev  0x000015c1      0x190 Drivers/STM32F4xx_HAL_Driver/Src/stm32f4xx_hal_rcc_ex.o
 .debug_abbrev  0x00001751      0x249 Drivers/STM32F4xx_HAL_Driver/Src/stm32f4xx_hal_spi.o
 .debug_abbrev  0x0000199a      0x226 Drivers/STM32F4xx_HAL_Driver/Src/stm32f4xx_hal_tim.o
 .debug_abbrev  0x00001bc0      0x237 Drivers/STM32F4xx_HAL_Driver/Src/stm32f4xx_hal_tim_ex.o
 .debug_abbrev  0x00001df7      0x270 Drivers/STM32F4xx_HAL_Driver/Src/stm32f4xx_hal_uart.o
 .debug_abbrev  0x00002067      0x2a8 Drivers/STM32F4xx_HAL_Driver/Src/stm32f4xx_ll_usb.o
 .debug_abbrev  0x0000230f      0x357 Middlewares/ST/STM32_USB_Host_Library/Class/CDC/Src/usbh_cdc.o
 .debug_abbrev  0x00002666      0x3b6 Middlewares/ST/STM32_USB_Host_Library/Core/Src/usbh_core.o
 .debug_abbrev  0x00002a1c      0x36e Middlewares/ST/STM32_USB_Host_Library/Core/Src/usbh_ctlreq.o
 .debug_abbrev  0x00002d8a      0x281 Middlewares/ST/STM32_USB_Host_Library/Core/Src/usbh_ioreq.o
 .debug_abbrev  0x0000300b      0x2bb Middlewares/ST/STM32_USB_Host_Library/Core/Src/usbh_pipes.o
 .debug_abbrev  0x000032c6      0x434 Middlewares/Third_Party/FreeRTOS/Source/CMSIS_RTOS_V2/cmsis_os2.o
 .debug_abbrev  0x000036fa      0x223 Middlewares/Third_Party/FreeRTOS/Source/list.o
 .debug_abbrev  0x0000391d      0x3ce Middlewares/Third_Party/FreeRTOS/Source/queue.o
 .debug_abbrev  0x00003ceb      0x3a8 Middlewares/Third_Party/FreeRTOS/Source/tasks.o
 .debug_abbrev  0x00004093      0x33b Middlewares/Third_Party/FreeRTOS/Source/timers.o
 .debug_abbrev  0x000043ce      0x23d Middlewares/Third_Party/FreeRTOS/Source/portable/GCC/ARM_CM4F/port.o
 .debug_abbrev  0x0000460b      0x318 Middlewares/Third_Party/FreeRTOS/Source/portable/MemMang/heap_4.o
 .debug_abbrev  0x00004923      0x2d6 Src/SIM808Driver.o
 .debug_abbrev  0x00004bf9      0x34f Src/main.o
 .debug_abbrev  0x00004f48      0x1fd Src/stm32f4xx_hal_msp.o
 .debug_abbrev  0x00005145      0x1f0 Src/stm32f4xx_hal_timebase_tim.o
 .debug_abbrev  0x00005335      0x1d0 Src/stm32f4xx_it.o
 .debug_abbrev  0x00005505      0x2d4 Src/syscalls.o
 .debug_abbrev  0x000057d9      0x111 Src/system_stm32f4xx.o
 .debug_abbrev  0x000058ea      0x2aa Src/usb_host.o
 .debug_abbrev  0x00005b94      0x37b Src/usbh_conf.o
 .debug_abbrev  0x00005f0f      0x12e Src/usbh_platform.o
 .debug_abbrev  0x0000603d       0x12 startup/startup_stm32f407xx.o

.debug_loc      0x00000000    0x1b8d1
 .debug_loc     0x00000000       0xfd Drivers/STM32F4xx_HAL_Driver/Src/stm32f4xx_hal.o
 .debug_loc     0x000000fd      0x5ce Drivers/STM32F4xx_HAL_Driver/Src/stm32f4xx_hal_cortex.o
 .debug_loc     0x000006cb      0xb4e Drivers/STM32F4xx_HAL_Driver/Src/stm32f4xx_hal_dma.o
 .debug_loc     0x00001219      0x497 Drivers/STM32F4xx_HAL_Driver/Src/stm32f4xx_hal_gpio.o
 .debug_loc     0x000016b0      0xba8 Drivers/STM32F4xx_HAL_Driver/Src/stm32f4xx_hal_hcd.o
 .debug_loc     0x00002258     0x3673 Drivers/STM32F4xx_HAL_Driver/Src/stm32f4xx_hal_i2c.o
 .debug_loc     0x000058cb      0xc17 Drivers/STM32F4xx_HAL_Driver/Src/stm32f4xx_hal_i2s.o
 .debug_loc     0x000064e2      0xa81 Drivers/STM32F4xx_HAL_Driver/Src/stm32f4xx_hal_i2s_ex.o
 .debug_loc     0x00006f63      0x3f1 Drivers/STM32F4xx_HAL_Driver/Src/stm32f4xx_hal_rcc.o
 .debug_loc     0x00007354      0x2c7 Drivers/STM32F4xx_HAL_Driver/Src/stm32f4xx_hal_rcc_ex.o
 .debug_loc     0x0000761b     0x19fe Drivers/STM32F4xx_HAL_Driver/Src/stm32f4xx_hal_spi.o
 .debug_loc     0x00009019     0x3888 Drivers/STM32F4xx_HAL_Driver/Src/stm32f4xx_hal_tim.o
 .debug_loc     0x0000c8a1     0x11b6 Drivers/STM32F4xx_HAL_Driver/Src/stm32f4xx_hal_tim_ex.o
 .debug_loc     0x0000da57     0x154f Drivers/STM32F4xx_HAL_Driver/Src/stm32f4xx_hal_uart.o
 .debug_loc     0x0000efa6     0x1e4e Drivers/STM32F4xx_HAL_Driver/Src/stm32f4xx_ll_usb.o
 .debug_loc     0x00010df4      0x786 Middlewares/ST/STM32_USB_Host_Library/Class/CDC/Src/usbh_cdc.o
 .debug_loc     0x0001157a      0x723 Middlewares/ST/STM32_USB_Host_Library/Core/Src/usbh_core.o
 .debug_loc     0x00011c9d      0xc46 Middlewares/ST/STM32_USB_Host_Library/Core/Src/usbh_ctlreq.o
 .debug_loc     0x000128e3      0x50f Middlewares/ST/STM32_USB_Host_Library/Core/Src/usbh_ioreq.o
 .debug_loc     0x00012df2      0x1be Middlewares/ST/STM32_USB_Host_Library/Core/Src/usbh_pipes.o
 .debug_loc     0x00012fb0     0x3f67 Middlewares/Third_Party/FreeRTOS/Source/CMSIS_RTOS_V2/cmsis_os2.o
 .debug_loc     0x00016f17       0x70 Middlewares/Third_Party/FreeRTOS/Source/list.o
 .debug_loc     0x00016f87     0x1309 Middlewares/Third_Party/FreeRTOS/Source/queue.o
 .debug_loc     0x00018290     0x1550 Middlewares/Third_Party/FreeRTOS/Source/tasks.o
 .debug_loc     0x000197e0      0xa2a Middlewares/Third_Party/FreeRTOS/Source/timers.o
 .debug_loc     0x0001a20a       0xdc Middlewares/Third_Party/FreeRTOS/Source/portable/GCC/ARM_CM4F/port.o
 .debug_loc     0x0001a2e6      0x291 Middlewares/Third_Party/FreeRTOS/Source/portable/MemMang/heap_4.o
 .debug_loc     0x0001a577      0x2f9 Src/SIM808Driver.o
 .debug_loc     0x0001a870       0x7c Src/main.o
 .debug_loc     0x0001a8ec      0x1bf Src/stm32f4xx_hal_msp.o
 .debug_loc     0x0001aaab       0x6a Src/stm32f4xx_hal_timebase_tim.o
 .debug_loc     0x0001ab15      0x3af Src/syscalls.o
 .debug_loc     0x0001aec4      0x13e Src/system_stm32f4xx.o
 .debug_loc     0x0001b002      0x87a Src/usbh_conf.o
 .debug_loc     0x0001b87c       0x55 Src/usbh_platform.o

.debug_aranges  0x00000000     0x2018
 .debug_aranges
                0x00000000       0xf0 Drivers/STM32F4xx_HAL_Driver/Src/stm32f4xx_hal.o
 .debug_aranges
                0x000000f0       0xa8 Drivers/STM32F4xx_HAL_Driver/Src/stm32f4xx_hal_cortex.o
 .debug_aranges
                0x00000198       0x90 Drivers/STM32F4xx_HAL_Driver/Src/stm32f4xx_hal_dma.o
 .debug_aranges
                0x00000228       0x58 Drivers/STM32F4xx_HAL_Driver/Src/stm32f4xx_hal_gpio.o
 .debug_aranges
                0x00000280       0xf0 Drivers/STM32F4xx_HAL_Driver/Src/stm32f4xx_hal_hcd.o
 .debug_aranges
                0x00000370      0x290 Drivers/STM32F4xx_HAL_Driver/Src/stm32f4xx_hal_i2c.o
 .debug_aranges